gthr-default.h:229:1:int __gthread_key_delete(__gthread_key_t)	16	static
std_function.h:255:5:std::_Function_base::_Function_base()	16	static
std_function.h:257:5:std::_Function_base::~_Function_base()	16	static
std_function.h:263:10:bool std::_Function_base::_M_empty() const	16	static
std_function.h:369:11:std::function<void()>::~function()	16	static
sequence_util.cpp:3:1:seq::Timeout::Timeout(double, std::function<void()>)	24	static
sequence_util.cpp:10:1:seq::Timeout::Timeout(double)	40	static
sequence_util.cpp:13:1:seq::Timeout::Timeout()	16	static
sequence_util.cpp:16:6:void seq::Timeout::setTime(double)	24	static
sequence_util.cpp:19:6:void seq::Timeout::setTimeoutHandler(std::function<void()>)	16	static
sequence_util.cpp:24:6:void seq::Timeout::reset()	16	static
sequence_util.cpp:27:6:bool seq::Timeout::addTime(double)	24	static
sequence_util.cpp:39:8:double seq::Timeout::getTimeSec()	16	static
sequence_util.cpp:42:8:double seq::Timeout::getTimeElapsed()	16	static
sequence_util.cpp:47:6:virtual bool seq::LambdaCondition::evaluate()	16	static
sequence_util.h:38:7:constexpr seq::Condition::Condition()	16	static
std_function.h:369:11:std::function<bool()>::~function()	16	static
sequence_util.cpp:52:1:seq::LambdaCondition::LambdaCondition(std::function<bool()>)	16	static
sequence_util.cpp:56:1:seq::LambdaCondition::~LambdaCondition()	16	static
sequence_util.cpp:61:6:virtual void seq::LambdaCondition::reset()	16	static
std_function.h:396:7:)>::function() [with _Res = void; _ArgTypes = {}]	16	static
std_function.h:462:7:)>&) [with _Res = void; _ArgTypes = {}]	32	static
std_function.h:403:7:)>::function(std::nullptr_t) [with _Res = void; _ArgTypes = {}]	16	static
std_function.h:764:5:)>&, std::nullptr_t) [with _Res = void; _Args = {}]	16	static
std_function.h:683:5:) const [with _Res = void; _ArgTypes = {}]	16	static
std_function.h:683:5:) const [with _Res = bool; _ArgTypes = {}]	16	static
std_function.h:653:5:)>&) [with _Res = bool; _ArgTypes = {}]	16	static
std_function.h:653:5:)>&) [with _Res = void; _ArgTypes = {}]	16	static
std_function.h:547:12:)>&) [with _Res = void; _ArgTypes = {}]	16	static
std_function.h:564:16:)>::operator bool() const [with _Res = void; _ArgTypes = {}]	16	static
std_function.h:564:16:)>::operator bool() const [with _Res = bool; _ArgTypes = {}]	16	static
move.h:99:5:constexpr typename std::remove_reference<_Tp>::type&& std::move(_Tp&&) [with _Tp = std::_Any_data&]	16	static
move.h:182:5:typename std::enable_if<std::__and_<std::__not_<std::__is_tuple_like<_Tp> >, std::is_move_constructible<_Tp>, std::is_move_assignable<_Tp> >::value>::type std::swap(_Tp&, _Tp&) [with _Tp = std::_Any_data]	24	static
move.h:99:5:constexpr typename std::remove_reference<_Tp>::type&& std::move(_Tp&&) [with _Tp = bool (*&)(std::_Any_data&, const std::_Any_data&, std::_Manager_operation)]	16	static
move.h:182:5:typename std::enable_if<std::__and_<std::__not_<std::__is_tuple_like<_Tp> >, std::is_move_constructible<_Tp>, std::is_move_assignable<_Tp> >::value>::type std::swap(_Tp&, _Tp&) [with _Tp = bool (*)(std::_Any_data&, const std::_Any_data&, std::_Manager_operation)]	24	static
move.h:99:5:constexpr typename std::remove_reference<_Tp>::type&& std::move(_Tp&&) [with _Tp = void (*&)(const std::_Any_data&)]	16	static
move.h:182:5:typename std::enable_if<std::__and_<std::__not_<std::__is_tuple_like<_Tp> >, std::is_move_constructible<_Tp>, std::is_move_assignable<_Tp> >::value>::type std::swap(_Tp&, _Tp&) [with _Tp = void (*)(const std::_Any_data&)]	24	static
sequence_util.cpp:64:1:void __static_initialization_and_destruction_0(int, int)	16	static
sequence_util.cpp:64:1:cpp)	8	static
sequence_util.cpp:64:1:cpp)	8	static
