new:173:33:void* operator new(std::size_t, void*)	16	static
Util.h:60:24:static short unsigned int Util::update_crc(unsigned char*, short unsigned int)	536	static
Util.h:125:14:static void Util::attachCRC(std::vector<unsigned char>&)	32	static
Util.h:132:14:static void Util::setLength(std::vector<unsigned char>&)	32	static
Util.h:139:14:static void Util::attachByteArray(std::vector<unsigned char>&, int, int)	32	static
Util.h:147:16:static double Util::map(double, double, double, double, double)	56	static
stl_vector.h:125:14:std::_Vector_base<unsigned char, std::allocator<unsigned char> >::_Vector_impl::~_Vector_impl()	16	static
stl_vector.h:285:7:std::_Vector_base<_Tp, _Alloc>::_Vector_base() [with _Tp = unsigned char; _Alloc = std::allocator<unsigned char>]	16	static
stl_vector.h:484:7:std::vector<_Tp, _Alloc>::vector() [with _Tp = unsigned char; _Alloc = std::allocator<unsigned char>]	16	static
packetTranslator.h:23:3:PacketInfo::PacketInfo()	16	static
packetTranslator.h:23:3:PacketInfo::~PacketInfo()	16	static
packetTranslator.h:27:2:PacketTranslator::PacketTranslator()	16	static
packetTranslator.h:37:10:PacketTranslator::~PacketTranslator()	16	static
packetTranslator.h:37:10:virtual PacketTranslator::~PacketTranslator()	16	static
packetTranslator.h:40:7:bool PacketTranslator::pushByte(uint8_t)	24	static
packetTranslator.h:189:14:PacketInfo& PacketTranslator::getPacketInfo()	16	static
packetTranslator.h:216:7:void PacketTranslator::clearBuffer()	16	static
packetTranslator.h:220:7:void PacketTranslator::bufferPush(uint8_t)	16	static
stl_deque.h:93:3:constexpr std::size_t std::__deque_buf_size(std::size_t)	16	static
gthr-default.h:229:1:int __gthread_key_delete(__gthread_key_t)	16	static
std_function.h:87:17:void* std::_Any_data::_M_access()	16	static
std_function.h:88:17:const void* std::_Any_data::_M_access() const	16	static
std_function.h:255:5:std::_Function_base::_Function_base()	16	static
std_function.h:257:5:std::_Function_base::~_Function_base()	16	static
std_function.h:263:10:bool std::_Function_base::_M_empty() const	16	static
MasterSerialLine.h:36:3:MasterSerialLine::Slave::Slave(uint8_t, int, int, bool)	24	static
MasterSerialLine.h:37:3:MasterSerialLine::Slave::~Slave()	16	static
MasterSerialLine.h:39:8:bool MasterSerialLine::Slave::bears(uint16_t)	16	static
MasterSerialLine.h:40:8:bool MasterSerialLine::Slave::isSimulated()	16	static
MasterSerialLine.h:41:11:uint8_t MasterSerialLine::Slave::getId()	16	static
MasterSerialLine.h:42:16:unsigned int MasterSerialLine::Slave::getHeadAdr()	16	static
MasterSerialLine.h:43:7:int MasterSerialLine::Slave::getSize()	16	static
MasterSerialLine.h:76:3:MasterSerialLine::CommStateManager::CommStateManager(MasterSerialLine::CommStateManager::State, int, int)	24	static
MasterSerialLine.h:82:8:void MasterSerialLine::CommStateManager::setState(MasterSerialLine::CommStateManager::State)	16	static
MasterSerialLine.h:88:8:void MasterSerialLine::CommStateManager::setStateWithTimeout(MasterSerialLine::CommStateManager::State, MasterSerialLine::CommStateManager::State)	16	static
MasterSerialLine.h:95:9:MasterSerialLine::CommStateManager::State MasterSerialLine::CommStateManager::getState()	16	static
MasterSerialLine.h:97:8:void MasterSerialLine::CommStateManager::update()	16	static
MasterSerialLine.h:114:7:int MasterSerialLine::SlaveList::indexOfId(int)	24	static
MasterSerialLine.h:47:17:MasterSerialLine::_GlobalDataChange::_GlobalDataChange()	16	static
MasterSerialLine.h:47:17:MasterSerialLine::_GlobalDataChange::~_GlobalDataChange()	16	static
MasterSerialLine.h:149:7:void MasterSerialLine::getGlobalDataChange(std::vector<unsigned char>&)	80	static
MasterSerialLine.h:47:17:MasterSerialLine::_GlobalDataChange::_GlobalDataChange(const MasterSerialLine::_GlobalDataChange&)	16	static
MasterSerialLine.h:53:17:MasterSerialLine::_LocalDataChange::_LocalDataChange()	16	static
MasterSerialLine.h:53:17:MasterSerialLine::_LocalDataChange::~_LocalDataChange()	16	static
MasterSerialLine.h:201:7:void MasterSerialLine::splitDataChange()	112	static
stl_vector.h:125:14:std::_Vector_base<MasterSerialLine::_LocalDataChange, std::allocator<MasterSerialLine::_LocalDataChange> >::_Vector_impl::~_Vector_impl()	16	static
stl_vector.h:285:7:std::_Vector_base<_Tp, _Alloc>::_Vector_base() [with _Tp = MasterSerialLine::_LocalDataChange; _Alloc = std::allocator<MasterSerialLine::_LocalDataChange>]	16	static
stl_vector.h:484:7:std::vector<_Tp, _Alloc>::vector() [with _Tp = MasterSerialLine::_LocalDataChange; _Alloc = std::allocator<MasterSerialLine::_LocalDataChange>]	16	static
MasterSerialLine.h:53:17:MasterSerialLine::_LocalDataChange::_LocalDataChange(const MasterSerialLine::_LocalDataChange&)	16	static
MasterSerialLine.h:231:7:void MasterSerialLine::generateInjectionPacket()	184	static
MasterSerialLine.h:289:7:void MasterSerialLine::writePacket(UART_HandleTypeDef*, std::vector<unsigned char>&)	32	static
MasterSerialLine.h:294:7:void MasterSerialLine::uplink()	32	static
stl_vector.h:125:14:std::_Vector_base<MasterSerialLine::Slave, std::allocator<MasterSerialLine::Slave> >::_Vector_impl::~_Vector_impl()	16	static
stl_vector.h:285:7:std::_Vector_base<_Tp, _Alloc>::_Vector_base() [with _Tp = MasterSerialLine::Slave; _Alloc = std::allocator<MasterSerialLine::Slave>]	16	static
stl_vector.h:484:7:std::vector<_Tp, _Alloc>::vector() [with _Tp = MasterSerialLine::Slave; _Alloc = std::allocator<MasterSerialLine::Slave>]	16	static
MasterSerialLine.h:111:8:MasterSerialLine::SlaveList::SlaveList()	16	static
MasterSerialLine.h:111:8:MasterSerialLine::SlaveList::~SlaveList()	16	static
stl_vector.h:125:14:std::_Vector_base<MasterSerialLine::_GlobalDataChange, std::allocator<MasterSerialLine::_GlobalDataChange> >::_Vector_impl::~_Vector_impl()	16	static
stl_vector.h:285:7:std::_Vector_base<_Tp, _Alloc>::_Vector_base() [with _Tp = MasterSerialLine::_GlobalDataChange; _Alloc = std::allocator<MasterSerialLine::_GlobalDataChange>]	16	static
stl_vector.h:484:7:std::vector<_Tp, _Alloc>::vector() [with _Tp = MasterSerialLine::_GlobalDataChange; _Alloc = std::allocator<MasterSerialLine::_GlobalDataChange>]	16	static
stl_queue.h:96:11:std::queue<std::vector<unsigned char> >::~queue()	16	static
std_function.h:369:11:std::function<void()>::~function()	16	static
MasterSerialLine.h:317:2:MasterSerialLine::MasterSerialLine()	24	static
MasterSerialLine.h:330:7:void MasterSerialLine::init(uint8_t*, int, int, UART_HandleTypeDef*, UART_HandleTypeDef*)	24	static
MasterSerialLine.h:338:10:MasterSerialLine::~MasterSerialLine()	16	static
MasterSerialLine.h:338:10:virtual MasterSerialLine::~MasterSerialLine()	16	static
MasterSerialLine.h:342:7:void MasterSerialLine::pushPcRx(uint8_t)	16	static
packetTranslator.h:23:3:PacketInfo& PacketInfo::operator=(const PacketInfo&)	16	static
MasterSerialLine.h:374:7:void MasterSerialLine::pushSlaveRx(uint8_t)	40	static
MasterSerialLine.h:396:7:void MasterSerialLine::addSlave(MasterSerialLine::Slave)	16	static
MasterSerialLine.h:397:7:void MasterSerialLine::update()	24	static
MasterSerialLine.h:446:7:void MasterSerialLine::setExternalCallback(std::function<void()>)	16	static
MasterSerialLine.h:447:7:void MasterSerialLine::setCycleCallback(std::function<void()>)	16	static
MasterSerialLine.h:448:7:void MasterSerialLine::jumpToUplink()	16	static
MasterSerialLine.h:449:7:void MasterSerialLine::setActive(bool)	16	static
shared_ptr_base.h:303:5:void std::_Sp_counted_base<_Lp>::_M_add_ref_copy() [with __gnu_cxx::_Lock_policy _Lp = __gnu_cxx::_S_single]	16	static
shared_ptr_base.h:308:5:void std::_Sp_counted_base<_Lp>::_M_release() [with __gnu_cxx::_Lock_policy _Lp = __gnu_cxx::_S_single]	16	static
shared_ptr_base.h:508:5:static const std::type_info& std::_Sp_make_shared_tag::_S_ti()	4	static
shared_ptr_base.h:1167:7:std::__shared_ptr<_Tp, _Lp>::__shared_ptr(const std::__shared_ptr<_Tp, _Lp>&) [with _Tp = seq::Block; __gnu_cxx::_Lock_policy _Lp = __gnu_cxx::_S_single]	16	static
shared_ptr_base.h:1169:7:std::__shared_ptr<_Tp, _Lp>::~__shared_ptr() [with _Tp = seq::Block; __gnu_cxx::_Lock_policy _Lp = __gnu_cxx::_S_single]	16	static
shared_ptr.h:129:7:std::shared_ptr<_Tp>::shared_ptr(const std::shared_ptr<_Tp>&) [with _Tp = seq::Block]	16	static
shared_ptr.h:103:11:std::shared_ptr<seq::Block>::~shared_ptr()	16	static
sequence_core.h:109:10:void seq::Sequence::addArgs(std::shared_ptr<seq::Block>)	24	static
stl_vector.h:285:7:std::_Vector_base<_Tp, _Alloc>::_Vector_base() [with _Tp = std::shared_ptr<seq::Block>; _Alloc = std::allocator<std::shared_ptr<seq::Block> >]	16	static
stl_vector.h:484:7:std::vector<_Tp, _Alloc>::vector() [with _Tp = std::shared_ptr<seq::Block>; _Alloc = std::allocator<std::shared_ptr<seq::Block> >]	16	static
stl_vector.h:285:7:std::_Vector_base<_Tp, _Alloc>::_Vector_base() [with _Tp = std::shared_ptr<seq::IVariable>; _Alloc = std::allocator<std::shared_ptr<seq::IVariable> >]	16	static
stl_vector.h:484:7:std::vector<_Tp, _Alloc>::vector() [with _Tp = std::shared_ptr<seq::IVariable>; _Alloc = std::allocator<std::shared_ptr<seq::IVariable> >]	16	static
sequence_core.h:121:5:seq::Sequence::Sequence()	16	static
main.cpp:93:32:main()::<lambda()>	16	static
shared_ptr_base.h:1169:7:std::__shared_ptr<_Tp, _Lp>::~__shared_ptr() [with _Tp = seq::block::Function; __gnu_cxx::_Lock_policy _Lp = __gnu_cxx::_S_single]	16	static
shared_ptr.h:103:11:std::shared_ptr<seq::block::Function>::~shared_ptr()	16	static
main.cpp:98:32:main()::<lambda()>	48	static
shared_ptr_base.h:1169:7:std::__shared_ptr<_Tp, _Lp>::~__shared_ptr() [with _Tp = seq::block::Delay; __gnu_cxx::_Lock_policy _Lp = __gnu_cxx::_S_single]	16	static
shared_ptr.h:103:11:std::shared_ptr<seq::block::Delay>::~shared_ptr()	16	static
main.cpp:137:32:main()::<lambda()>	80	static
shared_ptr_base.h:1169:7:std::__shared_ptr<_Tp, _Lp>::~__shared_ptr() [with _Tp = seq::block::StartSequence; __gnu_cxx::_Lock_policy _Lp = __gnu_cxx::_S_single]	16	static
shared_ptr.h:103:11:std::shared_ptr<seq::block::StartSequence>::~shared_ptr()	16	static
main.cpp:213:32:main()::<lambda()>	16	static
main.cpp:217:32:main()::<lambda()>	48	static
main.cpp:256:32:main()::<lambda()>	48	static
main.cpp:295:32:main()::<lambda()>	56	static
main.cpp:341:32:main()::<lambda()>	48	static
main.cpp:380:32:main()::<lambda()>	16	static
main.cpp:390:29:main()::<lambda()>	48	static
main.cpp:396:26:main()::<lambda()>	48	static
main.cpp:85:5:int main()	544	static
main.cpp:468:6:void SystemClock_Config()	88	static
main.cpp:517:6:void HAL_TIM_PeriodElapsedCallback(TIM_HandleTypeDef*)	16	static
main.cpp:528:6:void HAL_UART_RxCpltCallback(UART_HandleTypeDef*)	16	static
main.cpp:542:6:void HAL_UART_TxCpltCallback(UART_HandleTypeDef*)	16	static
main.cpp:554:6:void HAL_UART_ErrorCallback(UART_HandleTypeDef*)	16	static
main.cpp:576:6:void Error_Handler()	4	static,ignoring_inline_asm
stl_vector.h:915:7:std::vector<_Tp, _Alloc>::size_type std::vector<_Tp, _Alloc>::size() const [with _Tp = unsigned char; _Alloc = std::allocator<unsigned char>]	16	static
stl_vector.h:1040:7:std::vector<_Tp, _Alloc>::reference std::vector<_Tp, _Alloc>::operator[](std::vector<_Tp, _Alloc>::size_type) [with _Tp = unsigned char; _Alloc = std::allocator<unsigned char>]	16	static
stl_vector.h:1200:7:void std::vector<_Tp, _Alloc>::push_back(std::vector<_Tp, _Alloc>::value_type&&) [with _Tp = unsigned char; _Alloc = std::allocator<unsigned char>]	16	static
stl_vector.h:128:2:std::_Vector_base<_Tp, _Alloc>::_Vector_impl::_Vector_impl() [with _Tp = unsigned char; _Alloc = std::allocator<unsigned char>]	16	static
allocator.h:153:7:std::allocator< <template-parameter-1-1> >::~allocator() [with _Tp = unsigned char]	16	static
stl_vector.h:330:7:std::_Vector_base<_Tp, _Alloc>::~_Vector_base() [with _Tp = unsigned char; _Alloc = std::allocator<unsigned char>]	16	static
stl_vector.h:675:7:std::vector<_Tp, _Alloc>::~vector() [with _Tp = unsigned char; _Alloc = std::allocator<unsigned char>]	24	static
stl_vector.h:1495:7:void std::vector<_Tp, _Alloc>::clear() [with _Tp = unsigned char; _Alloc = std::allocator<unsigned char>]	16	static
stl_vector.h:1184:7:void std::vector<_Tp, _Alloc>::push_back(const value_type&) [with _Tp = unsigned char; _Alloc = std::allocator<unsigned char>]	16	static
stl_vector.h:915:7:std::vector<_Tp, _Alloc>::size_type std::vector<_Tp, _Alloc>::size() const [with _Tp = MasterSerialLine::Slave; _Alloc = std::allocator<MasterSerialLine::Slave>]	16	static
stl_vector.h:1089:7:std::vector<_Tp, _Alloc>::reference std::vector<_Tp, _Alloc>::at(std::vector<_Tp, _Alloc>::size_type) [with _Tp = MasterSerialLine::Slave; _Alloc = std::allocator<MasterSerialLine::Slave>]	16	static
stl_vector.h:1495:7:void std::vector<_Tp, _Alloc>::clear() [with _Tp = MasterSerialLine::_GlobalDataChange; _Alloc = std::allocator<MasterSerialLine::_GlobalDataChange>]	16	static
stl_vector.h:808:7:std::vector<_Tp, _Alloc>::iterator std::vector<_Tp, _Alloc>::begin() [with _Tp = unsigned char; _Alloc = std::allocator<unsigned char>]	24	static
stl_vector.h:826:7:std::vector<_Tp, _Alloc>::iterator std::vector<_Tp, _Alloc>::end() [with _Tp = unsigned char; _Alloc = std::allocator<unsigned char>]	24	static
stl_iterator.h:907:5:bool __gnu_cxx::operator!=(const __gnu_cxx::__normal_iterator<_Iterator, _Container>&, const __gnu_cxx::__normal_iterator<_Iterator, _Container>&) [with _Iterator = unsigned char*; _Container = std::vector<unsigned char>]	24	static
stl_iterator.h:827:7:__gnu_cxx::__normal_iterator<_Iterator, _Container>& __gnu_cxx::__normal_iterator<_Iterator, _Container>::operator++() [with _Iterator = unsigned char*; _Container = std::vector<unsigned char>]	16	static
stl_iterator.h:819:7:__gnu_cxx::__normal_iterator<_Iterator, _Container>::reference __gnu_cxx::__normal_iterator<_Iterator, _Container>::operator*() const [with _Iterator = unsigned char*; _Container = std::vector<unsigned char>]	16	static
stl_vector.h:1184:7:void std::vector<_Tp, _Alloc>::push_back(const value_type&) [with _Tp = MasterSerialLine::_GlobalDataChange; _Alloc = std::allocator<MasterSerialLine::_GlobalDataChange>]	16	static
stl_vector.h:1495:7:void std::vector<_Tp, _Alloc>::clear() [with _Tp = MasterSerialLine::_LocalDataChange; _Alloc = std::allocator<MasterSerialLine::_LocalDataChange>]	16	static
stl_vector.h:808:7:std::vector<_Tp, _Alloc>::iterator std::vector<_Tp, _Alloc>::begin() [with _Tp = MasterSerialLine::_GlobalDataChange; _Alloc = std::allocator<MasterSerialLine::_GlobalDataChange>]	24	static
stl_vector.h:826:7:std::vector<_Tp, _Alloc>::iterator std::vector<_Tp, _Alloc>::end() [with _Tp = MasterSerialLine::_GlobalDataChange; _Alloc = std::allocator<MasterSerialLine::_GlobalDataChange>]	24	static
stl_iterator.h:907:5:bool __gnu_cxx::operator!=(const __gnu_cxx::__normal_iterator<_Iterator, _Container>&, const __gnu_cxx::__normal_iterator<_Iterator, _Container>&) [with _Iterator = MasterSerialLine::_GlobalDataChange*; _Container = std::vector<MasterSerialLine::_GlobalDataChange>]	24	static
stl_iterator.h:827:7:__gnu_cxx::__normal_iterator<_Iterator, _Container>& __gnu_cxx::__normal_iterator<_Iterator, _Container>::operator++() [with _Iterator = MasterSerialLine::_GlobalDataChange*; _Container = std::vector<MasterSerialLine::_GlobalDataChange>]	16	static
stl_iterator.h:819:7:__gnu_cxx::__normal_iterator<_Iterator, _Container>::reference __gnu_cxx::__normal_iterator<_Iterator, _Container>::operator*() const [with _Iterator = MasterSerialLine::_GlobalDataChange*; _Container = std::vector<MasterSerialLine::_GlobalDataChange>]	16	static
stl_vector.h:550:7:std::vector<_Tp, _Alloc>::vector(const std::vector<_Tp, _Alloc>&) [with _Tp = unsigned char; _Alloc = std::allocator<unsigned char>]	40	static
stl_vector.h:808:7:std::vector<_Tp, _Alloc>::iterator std::vector<_Tp, _Alloc>::begin() [with _Tp = MasterSerialLine::Slave; _Alloc = std::allocator<MasterSerialLine::Slave>]	24	static
stl_vector.h:826:7:std::vector<_Tp, _Alloc>::iterator std::vector<_Tp, _Alloc>::end() [with _Tp = MasterSerialLine::Slave; _Alloc = std::allocator<MasterSerialLine::Slave>]	24	static
stl_iterator.h:907:5:bool __gnu_cxx::operator!=(const __gnu_cxx::__normal_iterator<_Iterator, _Container>&, const __gnu_cxx::__normal_iterator<_Iterator, _Container>&) [with _Iterator = MasterSerialLine::Slave*; _Container = std::vector<MasterSerialLine::Slave>]	24	static
stl_iterator.h:827:7:__gnu_cxx::__normal_iterator<_Iterator, _Container>& __gnu_cxx::__normal_iterator<_Iterator, _Container>::operator++() [with _Iterator = MasterSerialLine::Slave*; _Container = std::vector<MasterSerialLine::Slave>]	16	static
stl_iterator.h:819:7:__gnu_cxx::__normal_iterator<_Iterator, _Container>::reference __gnu_cxx::__normal_iterator<_Iterator, _Container>::operator*() const [with _Iterator = MasterSerialLine::Slave*; _Container = std::vector<MasterSerialLine::Slave>]	16	static
alloc_traits.h:103:27:static constexpr bool __gnu_cxx::__alloc_traits<_Alloc, <template-parameter-1-2> >::_S_propagate_on_copy_assign() [with _Alloc = std::allocator<unsigned char>; <template-parameter-1-2> = unsigned char]	4	static
alloc_traits.h:112:27:static constexpr bool __gnu_cxx::__alloc_traits<_Alloc, <template-parameter-1-2> >::_S_always_equal() [with _Alloc = std::allocator<unsigned char>; <template-parameter-1-2> = unsigned char]	4	static
vector.tcc:198:5:std::vector<_Tp, _Alloc>& std::vector<_Tp, _Alloc>::operator=(const std::vector<_Tp, _Alloc>&) [with _Tp = unsigned char; _Alloc = std::allocator<unsigned char>]	40	static
stl_vector.h:1184:7:void std::vector<_Tp, _Alloc>::push_back(const value_type&) [with _Tp = MasterSerialLine::_LocalDataChange; _Alloc = std::allocator<MasterSerialLine::_LocalDataChange>]	16	static
stl_vector.h:128:2:std::_Vector_base<_Tp, _Alloc>::_Vector_impl::_Vector_impl() [with _Tp = MasterSerialLine::_LocalDataChange; _Alloc = std::allocator<MasterSerialLine::_LocalDataChange>]	16	static
allocator.h:153:7:std::allocator< <template-parameter-1-1> >::~allocator() [with _Tp = MasterSerialLine::_LocalDataChange]	16	static
stl_vector.h:330:7:std::_Vector_base<_Tp, _Alloc>::~_Vector_base() [with _Tp = MasterSerialLine::_LocalDataChange; _Alloc = std::allocator<MasterSerialLine::_LocalDataChange>]	16	static
stl_vector.h:675:7:std::vector<_Tp, _Alloc>::~vector() [with _Tp = MasterSerialLine::_LocalDataChange; _Alloc = std::allocator<MasterSerialLine::_LocalDataChange>]	24	static
stl_vector.h:808:7:std::vector<_Tp, _Alloc>::iterator std::vector<_Tp, _Alloc>::begin() [with _Tp = MasterSerialLine::_LocalDataChange; _Alloc = std::allocator<MasterSerialLine::_LocalDataChange>]	24	static
stl_vector.h:826:7:std::vector<_Tp, _Alloc>::iterator std::vector<_Tp, _Alloc>::end() [with _Tp = MasterSerialLine::_LocalDataChange; _Alloc = std::allocator<MasterSerialLine::_LocalDataChange>]	24	static
stl_iterator.h:907:5:bool __gnu_cxx::operator!=(const __gnu_cxx::__normal_iterator<_Iterator, _Container>&, const __gnu_cxx::__normal_iterator<_Iterator, _Container>&) [with _Iterator = MasterSerialLine::_LocalDataChange*; _Container = std::vector<MasterSerialLine::_LocalDataChange>]	24	static
stl_iterator.h:827:7:__gnu_cxx::__normal_iterator<_Iterator, _Container>& __gnu_cxx::__normal_iterator<_Iterator, _Container>::operator++() [with _Iterator = MasterSerialLine::_LocalDataChange*; _Container = std::vector<MasterSerialLine::_LocalDataChange>]	16	static
stl_iterator.h:819:7:__gnu_cxx::__normal_iterator<_Iterator, _Container>::reference __gnu_cxx::__normal_iterator<_Iterator, _Container>::operator*() const [with _Iterator = MasterSerialLine::_LocalDataChange*; _Container = std::vector<MasterSerialLine::_LocalDataChange>]	16	static
stl_queue.h:259:7:void std::queue<_Tp, _Sequence>::push(const value_type&) [with _Tp = std::vector<unsigned char>; _Sequence = std::deque<std::vector<unsigned char>, std::allocator<std::vector<unsigned char> > >]	16	static
stl_vector.h:128:2:std::_Vector_base<_Tp, _Alloc>::_Vector_impl::_Vector_impl() [with _Tp = MasterSerialLine::Slave; _Alloc = std::allocator<MasterSerialLine::Slave>]	16	static
allocator.h:153:7:std::allocator< <template-parameter-1-1> >::~allocator() [with _Tp = MasterSerialLine::Slave]	16	static
stl_vector.h:330:7:std::_Vector_base<_Tp, _Alloc>::~_Vector_base() [with _Tp = MasterSerialLine::Slave; _Alloc = std::allocator<MasterSerialLine::Slave>]	16	static
stl_vector.h:675:7:std::vector<_Tp, _Alloc>::~vector() [with _Tp = MasterSerialLine::Slave; _Alloc = std::allocator<MasterSerialLine::Slave>]	24	static
stl_vector.h:128:2:std::_Vector_base<_Tp, _Alloc>::_Vector_impl::_Vector_impl() [with _Tp = MasterSerialLine::_GlobalDataChange; _Alloc = std::allocator<MasterSerialLine::_GlobalDataChange>]	16	static
allocator.h:153:7:std::allocator< <template-parameter-1-1> >::~allocator() [with _Tp = MasterSerialLine::_GlobalDataChange]	16	static
stl_vector.h:330:7:std::_Vector_base<_Tp, _Alloc>::~_Vector_base() [with _Tp = MasterSerialLine::_GlobalDataChange; _Alloc = std::allocator<MasterSerialLine::_GlobalDataChange>]	16	static
stl_vector.h:675:7:std::vector<_Tp, _Alloc>::~vector() [with _Tp = MasterSerialLine::_GlobalDataChange; _Alloc = std::allocator<MasterSerialLine::_GlobalDataChange>]	24	static
stl_queue.h:160:2:std::queue<_Tp, _Sequence>::queue() [with _Seq = std::deque<std::vector<unsigned char>, std::allocator<std::vector<unsigned char> > >; _Requires = void; _Tp = std::vector<unsigned char>; _Sequence = std::deque<std::vector<unsigned char>, std::allocator<std::vector<unsigned char> > >]	16	static
stl_deque.h:1071:7:std::deque<_Tp, _Alloc>::~deque() [with _Tp = std::vector<unsigned char>; _Alloc = std::allocator<std::vector<unsigned char> >]	48	static
std_function.h:396:7:)>::function() [with _Res = void; _ArgTypes = {}]	16	static
stl_vector.h:1040:7:std::vector<_Tp, _Alloc>::reference std::vector<_Tp, _Alloc>::operator[](std::vector<_Tp, _Alloc>::size_type) [with _Tp = MasterSerialLine::Slave; _Alloc = std::allocator<MasterSerialLine::Slave>]	16	static
stl_vector.h:1184:7:void std::vector<_Tp, _Alloc>::push_back(const value_type&) [with _Tp = MasterSerialLine::Slave; _Alloc = std::allocator<MasterSerialLine::Slave>]	16	static
stl_queue.h:197:7:bool std::queue<_Tp, _Sequence>::empty() const [with _Tp = std::vector<unsigned char>; _Sequence = std::deque<std::vector<unsigned char>, std::allocator<std::vector<unsigned char> > >]	16	static
stl_queue.h:210:7:std::queue<_Tp, _Sequence>::reference std::queue<_Tp, _Sequence>::front() [with _Tp = std::vector<unsigned char>; _Sequence = std::deque<std::vector<unsigned char>, std::allocator<std::vector<unsigned char> > >]	16	static
stl_queue.h:292:7:void std::queue<_Tp, _Sequence>::pop() [with _Tp = std::vector<unsigned char>; _Sequence = std::deque<std::vector<unsigned char>, std::allocator<std::vector<unsigned char> > >]	16	static
std_function.h:564:16:)>::operator bool() const [with _Res = void; _ArgTypes = {}]	16	static
std_function.h:683:5:) const [with _Res = void; _ArgTypes = {}]	16	static
std_function.h:462:7:)>&) [with _Res = void; _ArgTypes = {}]	32	static
shared_ptr_base.h:131:7:void std::_Sp_counted_base<_Lp>::_M_destroy() [with __gnu_cxx::_Lock_policy _Lp = __gnu_cxx::_S_single]	16	static
shared_ptr_base.h:733:7:std::__shared_count<_Lp>::__shared_count(const std::__shared_count<_Lp>&) [with __gnu_cxx::_Lock_policy _Lp = __gnu_cxx::_S_single]	16	static
shared_ptr_base.h:727:7:std::__shared_count<_Lp>::~__shared_count() [with __gnu_cxx::_Lock_policy _Lp = __gnu_cxx::_S_single]	16	static
stl_vector.h:128:2:std::_Vector_base<_Tp, _Alloc>::_Vector_impl::_Vector_impl() [with _Tp = std::shared_ptr<seq::Block>; _Alloc = std::allocator<std::shared_ptr<seq::Block> >]	16	static
stl_vector.h:128:2:std::_Vector_base<_Tp, _Alloc>::_Vector_impl::_Vector_impl() [with _Tp = std::shared_ptr<seq::IVariable>; _Alloc = std::allocator<std::shared_ptr<seq::IVariable> >]	16	static
shared_ptr.h:714:5:) [with _Tp = seq::block::Function; _Args = {main()::<lambda()>}]	24	static
shared_ptr.h:714:5:) [with _Tp = seq::block::Function; _Args = {main()::<lambda()>}]	24	static
shared_ptr.h:714:5:) [with _Tp = seq::block::Delay; _Args = {double}]	24	static
shared_ptr.h:714:5:) [with _Tp = seq::block::Function; _Args = {main()::<lambda()>}]	24	static
shared_ptr.h:714:5:) [with _Tp = seq::block::StartSequence; _Args = {const char (&)[4]}]	24	static
shared_ptr_base.h:1167:7:std::__shared_ptr<_Tp, _Lp>::__shared_ptr(const std::__shared_ptr<_Tp, _Lp>&) [with _Tp = seq::block::Function; __gnu_cxx::_Lock_policy _Lp = __gnu_cxx::_S_single]	16	static
shared_ptr.h:129:7:std::shared_ptr<_Tp>::shared_ptr(const std::shared_ptr<_Tp>&) [with _Tp = seq::block::Function]	16	static
shared_ptr_base.h:1167:7:std::__shared_ptr<_Tp, _Lp>::__shared_ptr(const std::__shared_ptr<_Tp, _Lp>&) [with _Tp = seq::block::Delay; __gnu_cxx::_Lock_policy _Lp = __gnu_cxx::_S_single]	16	static
shared_ptr.h:129:7:std::shared_ptr<_Tp>::shared_ptr(const std::shared_ptr<_Tp>&) [with _Tp = seq::block::Delay]	16	static
shared_ptr_base.h:1167:7:std::__shared_ptr<_Tp, _Lp>::__shared_ptr(const std::__shared_ptr<_Tp, _Lp>&) [with _Tp = seq::block::StartSequence; __gnu_cxx::_Lock_policy _Lp = __gnu_cxx::_S_single]	16	static
shared_ptr.h:129:7:std::shared_ptr<_Tp>::shared_ptr(const std::shared_ptr<_Tp>&) [with _Tp = seq::block::StartSequence]	16	static
sequence_core.h:136:5:) [with BlockPtrs = {const char*, std::shared_ptr<seq::block::Function>, std::shared_ptr<seq::block::Function>, std::shared_ptr<seq::block::Delay>, std::shared_ptr<seq::block::Function>, std::shared_ptr<seq::block::Delay>, std::shared_ptr<seq::block::StartSequence>}]	120	static
shared_ptr.h:714:5:) [with _Tp = seq::block::Function; _Args = {main()::<lambda()>}]	24	static
shared_ptr.h:714:5:) [with _Tp = seq::block::Function; _Args = {main()::<lambda()>}]	24	static
shared_ptr.h:714:5:) [with _Tp = seq::block::Function; _Args = {main()::<lambda()>}]	24	static
shared_ptr.h:714:5:) [with _Tp = seq::block::Function; _Args = {main()::<lambda()>}]	24	static
shared_ptr.h:714:5:) [with _Tp = seq::block::Function; _Args = {main()::<lambda()>}]	24	static
shared_ptr.h:714:5:) [with _Tp = seq::block::Function; _Args = {main()::<lambda()>}]	24	static
sequence_core.h:136:5:) [with BlockPtrs = {const char*, std::shared_ptr<seq::block::Function>, std::shared_ptr<seq::block::Function>, std::shared_ptr<seq::block::Delay>, std::shared_ptr<seq::block::Function>, std::shared_ptr<seq::block::Delay>, std::shared_ptr<seq::block::Function>, std::shared_ptr<seq::block::Delay>, std::shared_ptr<seq::block::Function>, std::shared_ptr<seq::block::Delay>, std::shared_ptr<seq::block::Function>}]	168	static
std_function.h:667:7:)>::function(_Functor) [with _Functor = main()::<lambda()>; <template-parameter-2-2> = void; <template-parameter-2-3> = void; _Res = void; _ArgTypes = {}]	24	static
std_function.h:667:7:)>::function(_Functor) [with _Functor = main()::<lambda()>; <template-parameter-2-2> = void; <template-parameter-2-3> = void; _Res = void; _ArgTypes = {}]	24	static
move.h:99:5:constexpr typename std::remove_reference<_Tp>::type&& std::move(_Tp&&) [with _Tp = unsigned char&]	16	static
vector.tcc:109:7:) [with _Args = {unsigned char}; _Tp = unsigned char; _Alloc = std::allocator<unsigned char>]	24	static
allocator.h:138:7:std::allocator< <template-parameter-1-1> >::allocator() [with _Tp = unsigned char]	16	static
stl_vector.h:94:2:std::_Vector_base<_Tp, _Alloc>::_Vector_impl_data::_Vector_impl_data() [with _Tp = unsigned char; _Alloc = std::allocator<unsigned char>]	16	static
new_allocator.h:89:7:__gnu_cxx::new_allocator<_Tp>::~new_allocator() [with _Tp = unsigned char]	16	static
stl_vector.h:347:7:void std::_Vector_base<_Tp, _Alloc>::_M_deallocate(std::_Vector_base<_Tp, _Alloc>::pointer, std::size_t) [with _Tp = unsigned char; _Alloc = std::allocator<unsigned char>]	24	static
stl_vector.h:273:7:std::_Vector_base<_Tp, _Alloc>::_Tp_alloc_type& std::_Vector_base<_Tp, _Alloc>::_M_get_Tp_allocator() [with _Tp = unsigned char; _Alloc = std::allocator<unsigned char>]	16	static
stl_construct.h:203:5:void std::_Destroy(_ForwardIterator, _ForwardIterator, std::allocator<_T2>&) [with _ForwardIterator = unsigned char*; _Tp = unsigned char]	24	static
stl_vector.h:1789:7:void std::vector<_Tp, _Alloc>::_M_erase_at_end(std::vector<_Tp, _Alloc>::pointer) [with _Tp = unsigned char; _Alloc = std::allocator<unsigned char>]	32	static
alloc_traits.h:482:2:) [with _Up = unsigned char; _Args = {const unsigned char&}; _Tp = unsigned char]	24	static
stl_vector.h:441:7:static constexpr bool std::vector<_Tp, _Alloc>::_S_use_relocate() [with _Tp = unsigned char; _Alloc = std::allocator<unsigned char>]	16	static
stl_vector.h:428:7:static constexpr bool std::vector<_Tp, _Alloc>::_S_nothrow_relocate(std::true_type) [with _Tp = unsigned char; _Alloc = std::allocator<unsigned char>]	16	static
vector.tcc:426:7:) [with _Args = {const unsigned char&}; _Tp = unsigned char; _Alloc = std::allocator<unsigned char>]	64	static
stl_vector.h:1067:7:void std::vector<_Tp, _Alloc>::_M_range_check(std::vector<_Tp, _Alloc>::size_type) const [with _Tp = MasterSerialLine::Slave; _Alloc = std::allocator<MasterSerialLine::Slave>]	16	static
stl_vector.h:1789:7:void std::vector<_Tp, _Alloc>::_M_erase_at_end(std::vector<_Tp, _Alloc>::pointer) [with _Tp = MasterSerialLine::_GlobalDataChange; _Alloc = std::allocator<MasterSerialLine::_GlobalDataChange>]	32	static
stl_iterator.h:806:7:__gnu_cxx::__normal_iterator<_Iterator, _Container>::__normal_iterator(const _Iterator&) [with _Iterator = unsigned char*; _Container = std::vector<unsigned char>]	16	static
stl_iterator.h:871:7:const _Iterator& __gnu_cxx::__normal_iterator<_Iterator, _Container>::base() const [with _Iterator = unsigned char*; _Container = std::vector<unsigned char>]	16	static
alloc_traits.h:482:2:) [with _Up = MasterSerialLine::_GlobalDataChange; _Args = {const MasterSerialLine::_GlobalDataChange&}; _Tp = MasterSerialLine::_GlobalDataChange]	24	static
stl_vector.h:441:7:static constexpr bool std::vector<_Tp, _Alloc>::_S_use_relocate() [with _Tp = MasterSerialLine::_GlobalDataChange; _Alloc = std::allocator<MasterSerialLine::_GlobalDataChange>]	16	static
stl_vector.h:428:7:static constexpr bool std::vector<_Tp, _Alloc>::_S_nothrow_relocate(std::true_type) [with _Tp = MasterSerialLine::_GlobalDataChange; _Alloc = std::allocator<MasterSerialLine::_GlobalDataChange>]	16	static
vector.tcc:426:7:) [with _Args = {const MasterSerialLine::_GlobalDataChange&}; _Tp = MasterSerialLine::_GlobalDataChange; _Alloc = std::allocator<MasterSerialLine::_GlobalDataChange>]	64	static
stl_vector.h:1789:7:void std::vector<_Tp, _Alloc>::_M_erase_at_end(std::vector<_Tp, _Alloc>::pointer) [with _Tp = MasterSerialLine::_LocalDataChange; _Alloc = std::allocator<MasterSerialLine::_LocalDataChange>]	32	static
stl_iterator.h:806:7:__gnu_cxx::__normal_iterator<_Iterator, _Container>::__normal_iterator(const _Iterator&) [with _Iterator = MasterSerialLine::_GlobalDataChange*; _Container = std::vector<MasterSerialLine::_GlobalDataChange>]	16	static
stl_iterator.h:871:7:const _Iterator& __gnu_cxx::__normal_iterator<_Iterator, _Container>::base() const [with _Iterator = MasterSerialLine::_GlobalDataChange*; _Container = std::vector<MasterSerialLine::_GlobalDataChange>]	16	static
alloc_traits.h:97:19:static _Alloc __gnu_cxx::__alloc_traits<_Alloc, <template-parameter-1-2> >::_S_select_on_copy(const _Alloc&) [with _Alloc = std::allocator<unsigned char>; <template-parameter-1-2> = unsigned char]	16	static
stl_vector.h:277:7:const _Tp_alloc_type& std::_Vector_base<_Tp, _Alloc>::_M_get_Tp_allocator() const [with _Tp = unsigned char; _Alloc = std::allocator<unsigned char>]	16	static
stl_vector.h:300:7:std::_Vector_base<_Tp, _Alloc>::_Vector_base(std::size_t, const allocator_type&) [with _Tp = unsigned char; _Alloc = std::allocator<unsigned char>]	24	static
stl_vector.h:817:7:std::vector<_Tp, _Alloc>::const_iterator std::vector<_Tp, _Alloc>::begin() const [with _Tp = unsigned char; _Alloc = std::allocator<unsigned char>]	24	static
stl_vector.h:835:7:std::vector<_Tp, _Alloc>::const_iterator std::vector<_Tp, _Alloc>::end() const [with _Tp = unsigned char; _Alloc = std::allocator<unsigned char>]	24	static
stl_uninitialized.h:305:5:_ForwardIterator std::__uninitialized_copy_a(_InputIterator, _InputIterator, _ForwardIterator, std::allocator<_Tp>&) [with _InputIterator = __gnu_cxx::__normal_iterator<const unsigned char*, std::vector<unsigned char> >; _ForwardIterator = unsigned char*; _Tp = unsigned char]	24	static
stl_iterator.h:806:7:__gnu_cxx::__normal_iterator<_Iterator, _Container>::__normal_iterator(const _Iterator&) [with _Iterator = MasterSerialLine::Slave*; _Container = std::vector<MasterSerialLine::Slave>]	16	static
stl_iterator.h:871:7:const _Iterator& __gnu_cxx::__normal_iterator<_Iterator, _Container>::base() const [with _Iterator = MasterSerialLine::Slave*; _Container = std::vector<MasterSerialLine::Slave>]	16	static
allocator.h:160:7:bool std::operator!=(const std::allocator<unsigned char>&, const std::allocator<unsigned char>&)	16	static
alloc_traits.h:530:17:void std::__alloc_on_copy(_Alloc&, const _Alloc&) [with _Alloc = std::allocator<unsigned char>]	24	static
stl_vector.h:995:7:std::vector<_Tp, _Alloc>::size_type std::vector<_Tp, _Alloc>::capacity() const [with _Tp = unsigned char; _Alloc = std::allocator<unsigned char>]	16	static
stl_vector.h:1505:2:std::vector<_Tp, _Alloc>::pointer std::vector<_Tp, _Alloc>::_M_allocate_and_copy(std::vector<_Tp, _Alloc>::size_type, _ForwardIterator, _ForwardIterator) [with _ForwardIterator = __gnu_cxx::__normal_iterator<const unsigned char*, std::vector<unsigned char> >; _Tp = unsigned char; _Alloc = std::allocator<unsigned char>]	32	static
stl_algobase.h:465:5:_OI std::copy(_II, _II, _OI) [with _II = __gnu_cxx::__normal_iterator<const unsigned char*, std::vector<unsigned char> >; _OI = __gnu_cxx::__normal_iterator<unsigned char*, std::vector<unsigned char> >]	32	static
stl_construct.h:203:5:void std::_Destroy(_ForwardIterator, _ForwardIterator, std::allocator<_T2>&) [with _ForwardIterator = __gnu_cxx::__normal_iterator<unsigned char*, std::vector<unsigned char> >; _Tp = unsigned char]	24	static
stl_algobase.h:465:5:_OI std::copy(_II, _II, _OI) [with _II = unsigned char*; _OI = unsigned char*]	32	static
stl_uninitialized.h:305:5:_ForwardIterator std::__uninitialized_copy_a(_InputIterator, _InputIterator, _ForwardIterator, std::allocator<_Tp>&) [with _InputIterator = unsigned char*; _ForwardIterator = unsigned char*; _Tp = unsigned char]	24	static
alloc_traits.h:482:2:) [with _Up = MasterSerialLine::_LocalDataChange; _Args = {const MasterSerialLine::_LocalDataChange&}; _Tp = MasterSerialLine::_LocalDataChange]	24	static
stl_vector.h:441:7:static constexpr bool std::vector<_Tp, _Alloc>::_S_use_relocate() [with _Tp = MasterSerialLine::_LocalDataChange; _Alloc = std::allocator<MasterSerialLine::_LocalDataChange>]	16	static
stl_vector.h:428:7:static constexpr bool std::vector<_Tp, _Alloc>::_S_nothrow_relocate(std::true_type) [with _Tp = MasterSerialLine::_LocalDataChange; _Alloc = std::allocator<MasterSerialLine::_LocalDataChange>]	16	static
vector.tcc:426:7:) [with _Args = {const MasterSerialLine::_LocalDataChange&}; _Tp = MasterSerialLine::_LocalDataChange; _Alloc = std::allocator<MasterSerialLine::_LocalDataChange>]	64	static
allocator.h:138:7:std::allocator< <template-parameter-1-1> >::allocator() [with _Tp = MasterSerialLine::_LocalDataChange]	16	static
stl_vector.h:94:2:std::_Vector_base<_Tp, _Alloc>::_Vector_impl_data::_Vector_impl_data() [with _Tp = MasterSerialLine::_LocalDataChange; _Alloc = std::allocator<MasterSerialLine::_LocalDataChange>]	16	static
new_allocator.h:89:7:__gnu_cxx::new_allocator<_Tp>::~new_allocator() [with _Tp = MasterSerialLine::_LocalDataChange]	16	static
stl_vector.h:347:7:void std::_Vector_base<_Tp, _Alloc>::_M_deallocate(std::_Vector_base<_Tp, _Alloc>::pointer, std::size_t) [with _Tp = MasterSerialLine::_LocalDataChange; _Alloc = std::allocator<MasterSerialLine::_LocalDataChange>]	24	static
stl_vector.h:273:7:std::_Vector_base<_Tp, _Alloc>::_Tp_alloc_type& std::_Vector_base<_Tp, _Alloc>::_M_get_Tp_allocator() [with _Tp = MasterSerialLine::_LocalDataChange; _Alloc = std::allocator<MasterSerialLine::_LocalDataChange>]	16	static
stl_construct.h:203:5:void std::_Destroy(_ForwardIterator, _ForwardIterator, std::allocator<_T2>&) [with _ForwardIterator = MasterSerialLine::_LocalDataChange*; _Tp = MasterSerialLine::_LocalDataChange]	24	static
stl_iterator.h:806:7:__gnu_cxx::__normal_iterator<_Iterator, _Container>::__normal_iterator(const _Iterator&) [with _Iterator = MasterSerialLine::_LocalDataChange*; _Container = std::vector<MasterSerialLine::_LocalDataChange>]	16	static
stl_iterator.h:871:7:const _Iterator& __gnu_cxx::__normal_iterator<_Iterator, _Container>::base() const [with _Iterator = MasterSerialLine::_LocalDataChange*; _Container = std::vector<MasterSerialLine::_LocalDataChange>]	16	static
stl_deque.h:1569:7:void std::deque<_Tp, _Alloc>::push_back(const value_type&) [with _Tp = std::vector<unsigned char>; _Alloc = std::allocator<std::vector<unsigned char> >]	16	static
allocator.h:138:7:std::allocator< <template-parameter-1-1> >::allocator() [with _Tp = MasterSerialLine::Slave]	16	static
stl_vector.h:94:2:std::_Vector_base<_Tp, _Alloc>::_Vector_impl_data::_Vector_impl_data() [with _Tp = MasterSerialLine::Slave; _Alloc = std::allocator<MasterSerialLine::Slave>]	16	static
new_allocator.h:89:7:__gnu_cxx::new_allocator<_Tp>::~new_allocator() [with _Tp = MasterSerialLine::Slave]	16	static
stl_vector.h:347:7:void std::_Vector_base<_Tp, _Alloc>::_M_deallocate(std::_Vector_base<_Tp, _Alloc>::pointer, std::size_t) [with _Tp = MasterSerialLine::Slave; _Alloc = std::allocator<MasterSerialLine::Slave>]	24	static
stl_vector.h:273:7:std::_Vector_base<_Tp, _Alloc>::_Tp_alloc_type& std::_Vector_base<_Tp, _Alloc>::_M_get_Tp_allocator() [with _Tp = MasterSerialLine::Slave; _Alloc = std::allocator<MasterSerialLine::Slave>]	16	static
stl_construct.h:203:5:void std::_Destroy(_ForwardIterator, _ForwardIterator, std::allocator<_T2>&) [with _ForwardIterator = MasterSerialLine::Slave*; _Tp = MasterSerialLine::Slave]	24	static
allocator.h:138:7:std::allocator< <template-parameter-1-1> >::allocator() [with _Tp = MasterSerialLine::_GlobalDataChange]	16	static
stl_vector.h:94:2:std::_Vector_base<_Tp, _Alloc>::_Vector_impl_data::_Vector_impl_data() [with _Tp = MasterSerialLine::_GlobalDataChange; _Alloc = std::allocator<MasterSerialLine::_GlobalDataChange>]	16	static
new_allocator.h:89:7:__gnu_cxx::new_allocator<_Tp>::~new_allocator() [with _Tp = MasterSerialLine::_GlobalDataChange]	16	static
stl_vector.h:347:7:void std::_Vector_base<_Tp, _Alloc>::_M_deallocate(std::_Vector_base<_Tp, _Alloc>::pointer, std::size_t) [with _Tp = MasterSerialLine::_GlobalDataChange; _Alloc = std::allocator<MasterSerialLine::_GlobalDataChange>]	24	static
stl_vector.h:273:7:std::_Vector_base<_Tp, _Alloc>::_Tp_alloc_type& std::_Vector_base<_Tp, _Alloc>::_M_get_Tp_allocator() [with _Tp = MasterSerialLine::_GlobalDataChange; _Alloc = std::allocator<MasterSerialLine::_GlobalDataChange>]	16	static
stl_construct.h:203:5:void std::_Destroy(_ForwardIterator, _ForwardIterator, std::allocator<_T2>&) [with _ForwardIterator = MasterSerialLine::_GlobalDataChange*; _Tp = MasterSerialLine::_GlobalDataChange]	24	static
stl_deque.h:915:7:std::deque<_Tp, _Alloc>::deque() [with _Tp = std::vector<unsigned char>; _Alloc = std::allocator<std::vector<unsigned char> >]	16	static
stl_deque.h:567:14:std::_Deque_base<std::vector<unsigned char>, std::allocator<std::vector<unsigned char> > >::_Deque_impl::~_Deque_impl()	16	static
stl_deque.h:678:5:std::_Deque_base<_Tp, _Alloc>::~_Deque_base() [with _Tp = std::vector<unsigned char>; _Alloc = std::allocator<std::vector<unsigned char> >]	16	static
stl_deque.h:1193:7:std::deque<_Tp, _Alloc>::iterator std::deque<_Tp, _Alloc>::begin() [with _Tp = std::vector<unsigned char>; _Alloc = std::allocator<std::vector<unsigned char> >]	16	static
stl_deque.h:1210:7:std::deque<_Tp, _Alloc>::iterator std::deque<_Tp, _Alloc>::end() [with _Tp = std::vector<unsigned char>; _Alloc = std::allocator<std::vector<unsigned char> >]	16	static
stl_deque.h:605:7:std::_Deque_base<_Tp, _Alloc>::_Tp_alloc_type& std::_Deque_base<_Tp, _Alloc>::_M_get_Tp_allocator() [with _Tp = std::vector<unsigned char>; _Alloc = std::allocator<std::vector<unsigned char> >]	16	static
stl_deque.h:167:7:std::_Deque_iterator<_Tp, _Ref, _Ptr>::_Deque_iterator(const std::_Deque_iterator<_Tp, _Ref, _Ptr>&) [with _Tp = std::vector<unsigned char>; _Ref = std::vector<unsigned char>&; _Ptr = std::vector<unsigned char>*]	16	static
stl_deque.h:2113:7:void std::deque<_Tp, _Alloc>::_M_destroy_data(std::deque<_Tp, _Alloc>::iterator, std::deque<_Tp, _Alloc>::iterator, const std::allocator<_Tp1>&) [with _Tp = std::vector<unsigned char>; _Alloc = std::allocator<std::vector<unsigned char> >]	56	static
alloc_traits.h:482:2:) [with _Up = MasterSerialLine::Slave; _Args = {const MasterSerialLine::Slave&}; _Tp = MasterSerialLine::Slave]	24	static
stl_vector.h:441:7:static constexpr bool std::vector<_Tp, _Alloc>::_S_use_relocate() [with _Tp = MasterSerialLine::Slave; _Alloc = std::allocator<MasterSerialLine::Slave>]	16	static
stl_vector.h:428:7:static constexpr bool std::vector<_Tp, _Alloc>::_S_nothrow_relocate(std::true_type) [with _Tp = MasterSerialLine::Slave; _Alloc = std::allocator<MasterSerialLine::Slave>]	16	static
vector.tcc:426:7:) [with _Args = {const MasterSerialLine::Slave&}; _Tp = MasterSerialLine::Slave; _Alloc = std::allocator<MasterSerialLine::Slave>]	64	static
stl_deque.h:1384:7:bool std::deque<_Tp, _Alloc>::empty() const [with _Tp = std::vector<unsigned char>; _Alloc = std::allocator<std::vector<unsigned char> >]	16	static
stl_deque.h:1478:7:std::deque<_Tp, _Alloc>::reference std::deque<_Tp, _Alloc>::front() [with _Tp = std::vector<unsigned char>; _Alloc = std::allocator<std::vector<unsigned char> >]	32	static
stl_deque.h:1605:7:void std::deque<_Tp, _Alloc>::pop_front() [with _Tp = std::vector<unsigned char>; _Alloc = std::allocator<std::vector<unsigned char> >]	16	static
std_function.h:653:5:)>&) [with _Res = void; _ArgTypes = {}]	16	static
std_function.h:547:12:)>&) [with _Res = void; _ArgTypes = {}]	16	static
shared_ptr_base.h:121:7:std::_Sp_counted_base<_Lp>::~_Sp_counted_base() [with __gnu_cxx::_Lock_policy _Lp = __gnu_cxx::_S_single]	16	static
shared_ptr_base.h:121:7:std::_Sp_counted_base<_Lp>::~_Sp_counted_base() [with __gnu_cxx::_Lock_policy _Lp = __gnu_cxx::_S_single]	16	static
allocator.h:138:7:std::allocator< <template-parameter-1-1> >::allocator() [with _Tp = std::shared_ptr<seq::Block>]	16	static
stl_vector.h:94:2:std::_Vector_base<_Tp, _Alloc>::_Vector_impl_data::_Vector_impl_data() [with _Tp = std::shared_ptr<seq::Block>; _Alloc = std::allocator<std::shared_ptr<seq::Block> >]	16	static
allocator.h:138:7:std::allocator< <template-parameter-1-1> >::allocator() [with _Tp = std::shared_ptr<seq::IVariable>]	16	static
stl_vector.h:94:2:std::_Vector_base<_Tp, _Alloc>::_Vector_impl_data::_Vector_impl_data() [with _Tp = std::shared_ptr<seq::IVariable>; _Alloc = std::allocator<std::shared_ptr<seq::IVariable> >]	16	static
allocator.h:138:7:std::allocator< <template-parameter-1-1> >::allocator() [with _Tp = seq::block::Function]	16	static
allocator.h:153:7:std::allocator< <template-parameter-1-1> >::~allocator() [with _Tp = seq::block::Function]	16	static
move.h:74:5:constexpr _Tp&& std::forward(typename std::remove_reference<_Tp>::type&) [with _Tp = main()::<lambda()>]	16	static
shared_ptr.h:699:5:) [with _Tp = seq::block::Function; _Alloc = std::allocator<seq::block::Function>; _Args = {main()::<lambda()>}]	32	static
move.h:74:5:constexpr _Tp&& std::forward(typename std::remove_reference<_Tp>::type&) [with _Tp = main()::<lambda()>]	16	static
shared_ptr.h:699:5:) [with _Tp = seq::block::Function; _Alloc = std::allocator<seq::block::Function>; _Args = {main()::<lambda()>}]	32	static
allocator.h:138:7:std::allocator< <template-parameter-1-1> >::allocator() [with _Tp = seq::block::Delay]	16	static
allocator.h:153:7:std::allocator< <template-parameter-1-1> >::~allocator() [with _Tp = seq::block::Delay]	16	static
move.h:74:5:constexpr _Tp&& std::forward(typename std::remove_reference<_Tp>::type&) [with _Tp = double]	16	static
shared_ptr.h:699:5:) [with _Tp = seq::block::Delay; _Alloc = std::allocator<seq::block::Delay>; _Args = {double}]	32	static
move.h:74:5:constexpr _Tp&& std::forward(typename std::remove_reference<_Tp>::type&) [with _Tp = main()::<lambda()>]	16	static
shared_ptr.h:699:5:) [with _Tp = seq::block::Function; _Alloc = std::allocator<seq::block::Function>; _Args = {main()::<lambda()>}]	32	static
allocator.h:138:7:std::allocator< <template-parameter-1-1> >::allocator() [with _Tp = seq::block::StartSequence]	16	static
allocator.h:153:7:std::allocator< <template-parameter-1-1> >::~allocator() [with _Tp = seq::block::StartSequence]	16	static
move.h:74:5:constexpr _Tp&& std::forward(typename std::remove_reference<_Tp>::type&) [with _Tp = const char (&)[4]]	16	static
shared_ptr.h:699:5:) [with _Tp = seq::block::StartSequence; _Alloc = std::allocator<seq::block::StartSequence>; _Args = {const char (&)[4]}]	32	static
sequence_core.h:95:10:) [with BlockPtrs = {std::shared_ptr<seq::block::Function>, std::shared_ptr<seq::block::Function>, std::shared_ptr<seq::block::Delay>, std::shared_ptr<seq::block::Function>, std::shared_ptr<seq::block::Delay>, std::shared_ptr<seq::block::StartSequence>}]	88	static
move.h:74:5:constexpr _Tp&& std::forward(typename std::remove_reference<_Tp>::type&) [with _Tp = main()::<lambda()>]	16	static
shared_ptr.h:699:5:) [with _Tp = seq::block::Function; _Alloc = std::allocator<seq::block::Function>; _Args = {main()::<lambda()>}]	32	static
move.h:74:5:constexpr _Tp&& std::forward(typename std::remove_reference<_Tp>::type&) [with _Tp = main()::<lambda()>]	16	static
shared_ptr.h:699:5:) [with _Tp = seq::block::Function; _Alloc = std::allocator<seq::block::Function>; _Args = {main()::<lambda()>}]	32	static
move.h:74:5:constexpr _Tp&& std::forward(typename std::remove_reference<_Tp>::type&) [with _Tp = main()::<lambda()>]	16	static
shared_ptr.h:699:5:) [with _Tp = seq::block::Function; _Alloc = std::allocator<seq::block::Function>; _Args = {main()::<lambda()>}]	32	static
move.h:74:5:constexpr _Tp&& std::forward(typename std::remove_reference<_Tp>::type&) [with _Tp = main()::<lambda()>]	16	static
shared_ptr.h:699:5:) [with _Tp = seq::block::Function; _Alloc = std::allocator<seq::block::Function>; _Args = {main()::<lambda()>}]	32	static
move.h:74:5:constexpr _Tp&& std::forward(typename std::remove_reference<_Tp>::type&) [with _Tp = main()::<lambda()>]	16	static
shared_ptr.h:699:5:) [with _Tp = seq::block::Function; _Alloc = std::allocator<seq::block::Function>; _Args = {main()::<lambda()>}]	32	static
move.h:74:5:constexpr _Tp&& std::forward(typename std::remove_reference<_Tp>::type&) [with _Tp = main()::<lambda()>]	16	static
shared_ptr.h:699:5:) [with _Tp = seq::block::Function; _Alloc = std::allocator<seq::block::Function>; _Args = {main()::<lambda()>}]	32	static
sequence_core.h:95:10:) [with BlockPtrs = {std::shared_ptr<seq::block::Function>, std::shared_ptr<seq::block::Function>, std::shared_ptr<seq::block::Delay>, std::shared_ptr<seq::block::Function>, std::shared_ptr<seq::block::Delay>, std::shared_ptr<seq::block::Function>, std::shared_ptr<seq::block::Delay>, std::shared_ptr<seq::block::Function>, std::shared_ptr<seq::block::Delay>, std::shared_ptr<seq::block::Function>}]	136	static
std_function.h:242:4:static bool std::_Function_base::_Base_manager<_Functor>::_M_not_empty_function(const _Tp&) [with _Tp = main()::<lambda()>; _Functor = main()::<lambda()>]	16	static
move.h:99:5:constexpr typename std::remove_reference<_Tp>::type&& std::move(_Tp&&) [with _Tp = main()::<lambda()>&]	16	static
std_function.h:222:2:static void std::_Function_base::_Base_manager<_Functor>::_M_init_functor(std::_Any_data&, _Functor&&) [with _Functor = main()::<lambda()>]	32	static
std_function.h:298:7:) [with _Functor = main()::<lambda()>; _ArgTypes = {}]	16	static
std_function.h:196:2:static bool std::_Function_base::_Base_manager<_Functor>::_M_manager(std::_Any_data&, const std::_Any_data&, std::_Manager_operation) [with _Functor = main()::<lambda()>]	40	static
std_function.h:242:4:static bool std::_Function_base::_Base_manager<_Functor>::_M_not_empty_function(const _Tp&) [with _Tp = main()::<lambda()>; _Functor = main()::<lambda()>]	16	static
move.h:99:5:constexpr typename std::remove_reference<_Tp>::type&& std::move(_Tp&&) [with _Tp = main()::<lambda()>&]	16	static
std_function.h:222:2:static void std::_Function_base::_Base_manager<_Functor>::_M_init_functor(std::_Any_data&, _Functor&&) [with _Functor = main()::<lambda()>]	32	static
std_function.h:298:7:) [with _Functor = main()::<lambda()>; _ArgTypes = {}]	16	static
std_function.h:196:2:static bool std::_Function_base::_Base_manager<_Functor>::_M_manager(std::_Any_data&, const std::_Any_data&, std::_Manager_operation) [with _Functor = main()::<lambda()>]	40	static
move.h:74:5:constexpr _Tp&& std::forward(typename std::remove_reference<_Tp>::type&) [with _Tp = unsigned char]	16	static
alloc_traits.h:482:2:) [with _Up = unsigned char; _Args = {unsigned char}; _Tp = unsigned char]	24	static
vector.tcc:426:7:) [with _Args = {unsigned char}; _Tp = unsigned char; _Alloc = std::allocator<unsigned char>]	64	static
new_allocator.h:80:7:__gnu_cxx::new_allocator<_Tp>::new_allocator() [with _Tp = unsigned char]	16	static
alloc_traits.h:469:7:static void std::allocator_traits<std::allocator<_Tp1> >::deallocate(std::allocator_traits<std::allocator<_Tp1> >::allocator_type&, std::allocator_traits<std::allocator<_Tp1> >::pointer, std::allocator_traits<std::allocator<_Tp1> >::size_type) [with _Tp = unsigned char]	24	static
stl_construct.h:127:5:void std::_Destroy(_ForwardIterator, _ForwardIterator) [with _ForwardIterator = unsigned char*]	16	static
move.h:74:5:constexpr _Tp&& std::forward(typename std::remove_reference<_Tp>::type&) [with _Tp = const unsigned char&]	16	static
new_allocator.h:144:2:) [with _Up = unsigned char; _Args = {const unsigned char&}; _Tp = unsigned char]	32	static
stl_vector.h:1753:7:std::vector<_Tp, _Alloc>::size_type std::vector<_Tp, _Alloc>::_M_check_len(std::vector<_Tp, _Alloc>::size_type, const char*) const [with _Tp = unsigned char; _Alloc = std::allocator<unsigned char>]	40	static
stl_iterator.h:989:5:typename __gnu_cxx::__normal_iterator<_Iterator, _Container>::difference_type __gnu_cxx::operator-(const __gnu_cxx::__normal_iterator<_Iterator, _Container>&, const __gnu_cxx::__normal_iterator<_Iterator, _Container>&) [with _Iterator = unsigned char*; _Container = std::vector<unsigned char>]	24	static
stl_vector.h:340:7:std::_Vector_base<_Tp, _Alloc>::pointer std::_Vector_base<_Tp, _Alloc>::_M_allocate(std::size_t) [with _Tp = unsigned char; _Alloc = std::allocator<unsigned char>]	16	static
stl_vector.h:462:7:static std::vector<_Tp, _Alloc>::pointer std::vector<_Tp, _Alloc>::_S_relocate(std::vector<_Tp, _Alloc>::pointer, std::vector<_Tp, _Alloc>::pointer, std::vector<_Tp, _Alloc>::pointer, std::vector<_Tp, _Alloc>::_Tp_alloc_type&) [with _Tp = unsigned char; _Alloc = std::allocator<unsigned char>]	48	static
stl_uninitialized.h:323:5:_ForwardIterator std::__uninitialized_move_if_noexcept_a(_InputIterator, _InputIterator, _ForwardIterator, _Allocator&) [with _InputIterator = unsigned char*; _ForwardIterator = unsigned char*; _Allocator = std::allocator<unsigned char>]	32	static
move.h:74:5:constexpr _Tp&& std::forward(typename std::remove_reference<_Tp>::type&) [with _Tp = const MasterSerialLine::_GlobalDataChange&]	16	static
new_allocator.h:144:2:) [with _Up = MasterSerialLine::_GlobalDataChange; _Args = {const MasterSerialLine::_GlobalDataChange&}; _Tp = MasterSerialLine::_GlobalDataChange]	32	static
stl_vector.h:1753:7:std::vector<_Tp, _Alloc>::size_type std::vector<_Tp, _Alloc>::_M_check_len(std::vector<_Tp, _Alloc>::size_type, const char*) const [with _Tp = MasterSerialLine::_GlobalDataChange; _Alloc = std::allocator<MasterSerialLine::_GlobalDataChange>]	40	static
stl_iterator.h:989:5:typename __gnu_cxx::__normal_iterator<_Iterator, _Container>::difference_type __gnu_cxx::operator-(const __gnu_cxx::__normal_iterator<_Iterator, _Container>&, const __gnu_cxx::__normal_iterator<_Iterator, _Container>&) [with _Iterator = MasterSerialLine::_GlobalDataChange*; _Container = std::vector<MasterSerialLine::_GlobalDataChange>]	24	static
stl_vector.h:340:7:std::_Vector_base<_Tp, _Alloc>::pointer std::_Vector_base<_Tp, _Alloc>::_M_allocate(std::size_t) [with _Tp = MasterSerialLine::_GlobalDataChange; _Alloc = std::allocator<MasterSerialLine::_GlobalDataChange>]	16	static
stl_vector.h:462:7:static std::vector<_Tp, _Alloc>::pointer std::vector<_Tp, _Alloc>::_S_relocate(std::vector<_Tp, _Alloc>::pointer, std::vector<_Tp, _Alloc>::pointer, std::vector<_Tp, _Alloc>::pointer, std::vector<_Tp, _Alloc>::_Tp_alloc_type&) [with _Tp = MasterSerialLine::_GlobalDataChange; _Alloc = std::allocator<MasterSerialLine::_GlobalDataChange>]	48	static
stl_uninitialized.h:323:5:_ForwardIterator std::__uninitialized_move_if_noexcept_a(_InputIterator, _InputIterator, _ForwardIterator, _Allocator&) [with _InputIterator = MasterSerialLine::_GlobalDataChange*; _ForwardIterator = MasterSerialLine::_GlobalDataChange*; _Allocator = std::allocator<MasterSerialLine::_GlobalDataChange>]	32	static
alloc_traits.h:495:2:static void std::allocator_traits<std::allocator<_Tp1> >::destroy(std::allocator_traits<std::allocator<_Tp1> >::allocator_type&, _Up*) [with _Up = MasterSerialLine::_GlobalDataChange; _Tp = MasterSerialLine::_GlobalDataChange]	16	static
alloc_traits.h:514:7:static std::allocator_traits<std::allocator<_Tp1> >::allocator_type std::allocator_traits<std::allocator<_Tp1> >::select_on_container_copy_construction(const allocator_type&) [with _Tp = unsigned char]	16	static
allocator.h:141:7:std::allocator< <template-parameter-1-1> >::allocator(const std::allocator< <template-parameter-1-1> >&) [with _Tp = unsigned char]	16	static
stl_vector.h:133:2:std::_Vector_base<_Tp, _Alloc>::_Vector_impl::_Vector_impl(const _Tp_alloc_type&) [with _Tp = unsigned char; _Alloc = std::allocator<unsigned char>]	16	static
stl_vector.h:356:7:void std::_Vector_base<_Tp, _Alloc>::_M_create_storage(std::size_t) [with _Tp = unsigned char; _Alloc = std::allocator<unsigned char>]	16	static
stl_iterator.h:806:7:__gnu_cxx::__normal_iterator<_Iterator, _Container>::__normal_iterator(const _Iterator&) [with _Iterator = const unsigned char*; _Container = std::vector<unsigned char>]	16	static
stl_uninitialized.h:115:5:_ForwardIterator std::uninitialized_copy(_InputIterator, _InputIterator, _ForwardIterator) [with _InputIterator = __gnu_cxx::__normal_iterator<const unsigned char*, std::vector<unsigned char> >; _ForwardIterator = unsigned char*]	32	static
alloc_traits.h:526:5:void std::__do_alloc_on_copy(_Alloc&, const _Alloc&, std::false_type) [with _Alloc = std::allocator<unsigned char>]	24	static
cpp_type_traits.h:428:5:_Iterator std::__miter_base(_Iterator) [with _Iterator = __gnu_cxx::__normal_iterator<const unsigned char*, std::vector<unsigned char> >]	16	static
stl_algobase.h:438:5:_OI std::__copy_move_a2(_II, _II, _OI) [with bool _IsMove = false; _II = __gnu_cxx::__normal_iterator<const unsigned char*, std::vector<unsigned char> >; _OI = __gnu_cxx::__normal_iterator<unsigned char*, std::vector<unsigned char> >]	32	static
stl_construct.h:127:5:void std::_Destroy(_ForwardIterator, _ForwardIterator) [with _ForwardIterator = __gnu_cxx::__normal_iterator<unsigned char*, std::vector<unsigned char> >]	16	static
cpp_type_traits.h:428:5:_Iterator std::__miter_base(_Iterator) [with _Iterator = unsigned char*]	16	static
stl_algobase.h:438:5:_OI std::__copy_move_a2(_II, _II, _OI) [with bool _IsMove = false; _II = unsigned char*; _OI = unsigned char*]	32	static
stl_uninitialized.h:115:5:_ForwardIterator std::uninitialized_copy(_InputIterator, _InputIterator, _ForwardIterator) [with _InputIterator = unsigned char*; _ForwardIterator = unsigned char*]	32	static
move.h:74:5:constexpr _Tp&& std::forward(typename std::remove_reference<_Tp>::type&) [with _Tp = const MasterSerialLine::_LocalDataChange&]	16	static
new_allocator.h:144:2:) [with _Up = MasterSerialLine::_LocalDataChange; _Args = {const MasterSerialLine::_LocalDataChange&}; _Tp = MasterSerialLine::_LocalDataChange]	32	static
stl_vector.h:1753:7:std::vector<_Tp, _Alloc>::size_type std::vector<_Tp, _Alloc>::_M_check_len(std::vector<_Tp, _Alloc>::size_type, const char*) const [with _Tp = MasterSerialLine::_LocalDataChange; _Alloc = std::allocator<MasterSerialLine::_LocalDataChange>]	40	static
stl_iterator.h:989:5:typename __gnu_cxx::__normal_iterator<_Iterator, _Container>::difference_type __gnu_cxx::operator-(const __gnu_cxx::__normal_iterator<_Iterator, _Container>&, const __gnu_cxx::__normal_iterator<_Iterator, _Container>&) [with _Iterator = MasterSerialLine::_LocalDataChange*; _Container = std::vector<MasterSerialLine::_LocalDataChange>]	24	static
stl_vector.h:340:7:std::_Vector_base<_Tp, _Alloc>::pointer std::_Vector_base<_Tp, _Alloc>::_M_allocate(std::size_t) [with _Tp = MasterSerialLine::_LocalDataChange; _Alloc = std::allocator<MasterSerialLine::_LocalDataChange>]	16	static
stl_vector.h:462:7:static std::vector<_Tp, _Alloc>::pointer std::vector<_Tp, _Alloc>::_S_relocate(std::vector<_Tp, _Alloc>::pointer, std::vector<_Tp, _Alloc>::pointer, std::vector<_Tp, _Alloc>::pointer, std::vector<_Tp, _Alloc>::_Tp_alloc_type&) [with _Tp = MasterSerialLine::_LocalDataChange; _Alloc = std::allocator<MasterSerialLine::_LocalDataChange>]	48	static
stl_uninitialized.h:323:5:_ForwardIterator std::__uninitialized_move_if_noexcept_a(_InputIterator, _InputIterator, _ForwardIterator, _Allocator&) [with _InputIterator = MasterSerialLine::_LocalDataChange*; _ForwardIterator = MasterSerialLine::_LocalDataChange*; _Allocator = std::allocator<MasterSerialLine::_LocalDataChange>]	32	static
alloc_traits.h:495:2:static void std::allocator_traits<std::allocator<_Tp1> >::destroy(std::allocator_traits<std::allocator<_Tp1> >::allocator_type&, _Up*) [with _Up = MasterSerialLine::_LocalDataChange; _Tp = MasterSerialLine::_LocalDataChange]	16	static
new_allocator.h:80:7:__gnu_cxx::new_allocator<_Tp>::new_allocator() [with _Tp = MasterSerialLine::_LocalDataChange]	16	static
alloc_traits.h:469:7:static void std::allocator_traits<std::allocator<_Tp1> >::deallocate(std::allocator_traits<std::allocator<_Tp1> >::allocator_type&, std::allocator_traits<std::allocator<_Tp1> >::pointer, std::allocator_traits<std::allocator<_Tp1> >::size_type) [with _Tp = MasterSerialLine::_LocalDataChange]	24	static
stl_construct.h:127:5:void std::_Destroy(_ForwardIterator, _ForwardIterator) [with _ForwardIterator = MasterSerialLine::_LocalDataChange*]	16	static
alloc_traits.h:482:2:) [with _Up = std::vector<unsigned char>; _Args = {const std::vector<unsigned char, std::allocator<unsigned char> >&}; _Tp = std::vector<unsigned char>]	24	static
deque.tcc:479:7:) [with _Args = {const std::vector<unsigned char, std::allocator<unsigned char> >&}; _Tp = std::vector<unsigned char>; _Alloc = std::allocator<std::vector<unsigned char> >]	24	static
new_allocator.h:80:7:__gnu_cxx::new_allocator<_Tp>::new_allocator() [with _Tp = MasterSerialLine::Slave]	16	static
alloc_traits.h:469:7:static void std::allocator_traits<std::allocator<_Tp1> >::deallocate(std::allocator_traits<std::allocator<_Tp1> >::allocator_type&, std::allocator_traits<std::allocator<_Tp1> >::pointer, std::allocator_traits<std::allocator<_Tp1> >::size_type) [with _Tp = MasterSerialLine::Slave]	24	static
stl_construct.h:127:5:void std::_Destroy(_ForwardIterator, _ForwardIterator) [with _ForwardIterator = MasterSerialLine::Slave*]	16	static
new_allocator.h:80:7:__gnu_cxx::new_allocator<_Tp>::new_allocator() [with _Tp = MasterSerialLine::_GlobalDataChange]	16	static
alloc_traits.h:469:7:static void std::allocator_traits<std::allocator<_Tp1> >::deallocate(std::allocator_traits<std::allocator<_Tp1> >::allocator_type&, std::allocator_traits<std::allocator<_Tp1> >::pointer, std::allocator_traits<std::allocator<_Tp1> >::size_type) [with _Tp = MasterSerialLine::_GlobalDataChange]	24	static
stl_construct.h:127:5:void std::_Destroy(_ForwardIterator, _ForwardIterator) [with _ForwardIterator = MasterSerialLine::_GlobalDataChange*]	16	static
stl_deque.h:508:7:std::_Deque_base<_Tp, _Alloc>::_Deque_base() [with _Tp = std::vector<unsigned char>; _Alloc = std::allocator<std::vector<unsigned char> >]	16	static
allocator.h:153:7:std::allocator< <template-parameter-1-1> >::~allocator() [with _Tp = std::vector<unsigned char>]	16	static
stl_deque.h:756:5:void std::_Deque_base<_Tp, _Alloc>::_M_destroy_nodes(std::_Deque_base<_Tp, _Alloc>::_Map_pointer, std::_Deque_base<_Tp, _Alloc>::_Map_pointer) [with _Tp = std::vector<unsigned char>; _Alloc = std::allocator<std::vector<unsigned char> >]	32	static
stl_deque.h:638:7:void std::_Deque_base<_Tp, _Alloc>::_M_deallocate_map(std::_Deque_base<_Tp, _Alloc>::_Map_pointer, std::size_t) [with _Tp = std::vector<unsigned char>; _Alloc = std::allocator<std::vector<unsigned char> >]	32	static
deque.tcc:854:6:void std::deque<_Tp, _Alloc>::_M_destroy_data_aux(std::deque<_Tp, _Alloc>::iterator, std::deque<_Tp, _Alloc>::iterator) [with _Tp = std::vector<unsigned char>; _Alloc = std::allocator<std::vector<unsigned char> >]	40	static
move.h:74:5:constexpr _Tp&& std::forward(typename std::remove_reference<_Tp>::type&) [with _Tp = const MasterSerialLine::Slave&]	16	static
new_allocator.h:144:2:) [with _Up = MasterSerialLine::Slave; _Args = {const MasterSerialLine::Slave&}; _Tp = MasterSerialLine::Slave]	32	static
stl_vector.h:1753:7:std::vector<_Tp, _Alloc>::size_type std::vector<_Tp, _Alloc>::_M_check_len(std::vector<_Tp, _Alloc>::size_type, const char*) const [with _Tp = MasterSerialLine::Slave; _Alloc = std::allocator<MasterSerialLine::Slave>]	40	static
stl_iterator.h:989:5:typename __gnu_cxx::__normal_iterator<_Iterator, _Container>::difference_type __gnu_cxx::operator-(const __gnu_cxx::__normal_iterator<_Iterator, _Container>&, const __gnu_cxx::__normal_iterator<_Iterator, _Container>&) [with _Iterator = MasterSerialLine::Slave*; _Container = std::vector<MasterSerialLine::Slave>]	24	static
stl_vector.h:340:7:std::_Vector_base<_Tp, _Alloc>::pointer std::_Vector_base<_Tp, _Alloc>::_M_allocate(std::size_t) [with _Tp = MasterSerialLine::Slave; _Alloc = std::allocator<MasterSerialLine::Slave>]	16	static
stl_vector.h:462:7:static std::vector<_Tp, _Alloc>::pointer std::vector<_Tp, _Alloc>::_S_relocate(std::vector<_Tp, _Alloc>::pointer, std::vector<_Tp, _Alloc>::pointer, std::vector<_Tp, _Alloc>::pointer, std::vector<_Tp, _Alloc>::_Tp_alloc_type&) [with _Tp = MasterSerialLine::Slave; _Alloc = std::allocator<MasterSerialLine::Slave>]	48	static
stl_uninitialized.h:323:5:_ForwardIterator std::__uninitialized_move_if_noexcept_a(_InputIterator, _InputIterator, _ForwardIterator, _Allocator&) [with _InputIterator = MasterSerialLine::Slave*; _ForwardIterator = MasterSerialLine::Slave*; _Allocator = std::allocator<MasterSerialLine::Slave>]	32	static
alloc_traits.h:495:2:static void std::allocator_traits<std::allocator<_Tp1> >::destroy(std::allocator_traits<std::allocator<_Tp1> >::allocator_type&, _Up*) [with _Up = MasterSerialLine::Slave; _Tp = MasterSerialLine::Slave]	16	static
stl_deque.h:286:5:bool std::operator==(const std::_Deque_iterator<_Tp, _Ref, _Ptr>&, const std::_Deque_iterator<_Tp, _Ref, _Ptr>&) [with _Tp = std::vector<unsigned char>; _Ref = std::vector<unsigned char>&; _Ptr = std::vector<unsigned char>*]	16	static
stl_deque.h:179:7:std::_Deque_iterator<_Tp, _Ref, _Ptr>::reference std::_Deque_iterator<_Tp, _Ref, _Ptr>::operator*() const [with _Tp = std::vector<unsigned char>; _Ref = std::vector<unsigned char>&; _Ptr = std::vector<unsigned char>*]	16	static
alloc_traits.h:495:2:static void std::allocator_traits<std::allocator<_Tp1> >::destroy(std::allocator_traits<std::allocator<_Tp1> >::allocator_type&, _Up*) [with _Up = std::vector<unsigned char>; _Tp = std::vector<unsigned char>]	16	static
deque.tcc:571:10:void std::deque<_Tp, _Alloc>::_M_pop_front_aux() [with _Tp = std::vector<unsigned char>; _Alloc = std::allocator<std::vector<unsigned char> >]	16	static
move.h:99:5:constexpr typename std::remove_reference<_Tp>::type&& std::move(_Tp&&) [with _Tp = std::_Any_data&]	16	static
move.h:182:5:typename std::enable_if<std::__and_<std::__not_<std::__is_tuple_like<_Tp> >, std::is_move_constructible<_Tp>, std::is_move_assignable<_Tp> >::value>::type std::swap(_Tp&, _Tp&) [with _Tp = std::_Any_data]	24	static
move.h:99:5:constexpr typename std::remove_reference<_Tp>::type&& std::move(_Tp&&) [with _Tp = bool (*&)(std::_Any_data&, const std::_Any_data&, std::_Manager_operation)]	16	static
move.h:182:5:typename std::enable_if<std::__and_<std::__not_<std::__is_tuple_like<_Tp> >, std::is_move_constructible<_Tp>, std::is_move_assignable<_Tp> >::value>::type std::swap(_Tp&, _Tp&) [with _Tp = bool (*)(std::_Any_data&, const std::_Any_data&, std::_Manager_operation)]	24	static
move.h:99:5:constexpr typename std::remove_reference<_Tp>::type&& std::move(_Tp&&) [with _Tp = void (*&)(const std::_Any_data&)]	16	static
move.h:182:5:typename std::enable_if<std::__and_<std::__not_<std::__is_tuple_like<_Tp> >, std::is_move_constructible<_Tp>, std::is_move_assignable<_Tp> >::value>::type std::swap(_Tp&, _Tp&) [with _Tp = void (*)(const std::_Any_data&)]	24	static
new_allocator.h:80:7:__gnu_cxx::new_allocator<_Tp>::new_allocator() [with _Tp = std::shared_ptr<seq::Block>]	16	static
new_allocator.h:80:7:__gnu_cxx::new_allocator<_Tp>::new_allocator() [with _Tp = std::shared_ptr<seq::IVariable>]	16	static
new_allocator.h:80:7:__gnu_cxx::new_allocator<_Tp>::new_allocator() [with _Tp = seq::block::Function]	16	static
new_allocator.h:89:7:__gnu_cxx::new_allocator<_Tp>::~new_allocator() [with _Tp = seq::block::Function]	16	static
shared_ptr.h:358:2:) [with _Alloc = std::allocator<seq::block::Function>; _Args = {main()::<lambda()>}; _Tp = seq::block::Function]	32	static
shared_ptr.h:358:2:) [with _Alloc = std::allocator<seq::block::Function>; _Args = {main()::<lambda()>}; _Tp = seq::block::Function]	32	static
new_allocator.h:80:7:__gnu_cxx::new_allocator<_Tp>::new_allocator() [with _Tp = seq::block::Delay]	16	static
new_allocator.h:89:7:__gnu_cxx::new_allocator<_Tp>::~new_allocator() [with _Tp = seq::block::Delay]	16	static
shared_ptr.h:358:2:) [with _Alloc = std::allocator<seq::block::Delay>; _Args = {double}; _Tp = seq::block::Delay]	32	static
shared_ptr.h:358:2:) [with _Alloc = std::allocator<seq::block::Function>; _Args = {main()::<lambda()>}; _Tp = seq::block::Function]	32	static
new_allocator.h:80:7:__gnu_cxx::new_allocator<_Tp>::new_allocator() [with _Tp = seq::block::StartSequence]	16	static
new_allocator.h:89:7:__gnu_cxx::new_allocator<_Tp>::~new_allocator() [with _Tp = seq::block::StartSequence]	16	static
shared_ptr.h:358:2:) [with _Alloc = std::allocator<seq::block::StartSequence>; _Args = {const char (&)[4]}; _Tp = seq::block::StartSequence]	32	static
shared_ptr.h:246:2:std::shared_ptr<_Tp>::shared_ptr(const std::shared_ptr<_Yp>&) [with _Yp = seq::block::Function; <template-parameter-2-2> = void; _Tp = seq::Block]	16	static
sequence_core.h:102:10:) [with BlockPtrs = {std::shared_ptr<seq::block::Function>, std::shared_ptr<seq::block::Delay>, std::shared_ptr<seq::block::Function>, std::shared_ptr<seq::block::Delay>, std::shared_ptr<seq::block::StartSequence>}]	80	static
shared_ptr.h:358:2:) [with _Alloc = std::allocator<seq::block::Function>; _Args = {main()::<lambda()>}; _Tp = seq::block::Function]	32	static
shared_ptr.h:358:2:) [with _Alloc = std::allocator<seq::block::Function>; _Args = {main()::<lambda()>}; _Tp = seq::block::Function]	32	static
shared_ptr.h:358:2:) [with _Alloc = std::allocator<seq::block::Function>; _Args = {main()::<lambda()>}; _Tp = seq::block::Function]	32	static
shared_ptr.h:358:2:) [with _Alloc = std::allocator<seq::block::Function>; _Args = {main()::<lambda()>}; _Tp = seq::block::Function]	32	static
shared_ptr.h:358:2:) [with _Alloc = std::allocator<seq::block::Function>; _Args = {main()::<lambda()>}; _Tp = seq::block::Function]	32	static
shared_ptr.h:358:2:) [with _Alloc = std::allocator<seq::block::Function>; _Args = {main()::<lambda()>}; _Tp = seq::block::Function]	32	static
sequence_core.h:102:10:) [with BlockPtrs = {std::shared_ptr<seq::block::Function>, std::shared_ptr<seq::block::Delay>, std::shared_ptr<seq::block::Function>, std::shared_ptr<seq::block::Delay>, std::shared_ptr<seq::block::Function>, std::shared_ptr<seq::block::Delay>, std::shared_ptr<seq::block::Function>, std::shared_ptr<seq::block::Delay>, std::shared_ptr<seq::block::Function>}]	128	static
std_function.h:247:2:static void std::_Function_base::_Base_manager<_Functor>::_M_init_functor(std::_Any_data&, _Functor&&, std::true_type) [with _Functor = main()::<lambda()>]	24	static
std_function.h:151:2:static _Functor* std::_Function_base::_Base_manager<_Functor>::_M_get_pointer(const std::_Any_data&) [with _Functor = main()::<lambda()>]	24	static
std_function.h:92:7:_Tp& std::_Any_data::_M_access() [with _Tp = main()::<lambda()>*]	16	static
std_function.h:165:2:static void std::_Function_base::_Base_manager<_Functor>::_M_clone(std::_Any_data&, const std::_Any_data&, std::true_type) [with _Functor = main()::<lambda()>]	24	static
std_function.h:182:2:static void std::_Function_base::_Base_manager<_Functor>::_M_destroy(std::_Any_data&, std::true_type) [with _Functor = main()::<lambda()>]	16	static
std_function.h:247:2:static void std::_Function_base::_Base_manager<_Functor>::_M_init_functor(std::_Any_data&, _Functor&&, std::true_type) [with _Functor = main()::<lambda()>]	24	static
std_function.h:151:2:static _Functor* std::_Function_base::_Base_manager<_Functor>::_M_get_pointer(const std::_Any_data&) [with _Functor = main()::<lambda()>]	24	static
std_function.h:92:7:_Tp& std::_Any_data::_M_access() [with _Tp = main()::<lambda()>*]	16	static
std_function.h:165:2:static void std::_Function_base::_Base_manager<_Functor>::_M_clone(std::_Any_data&, const std::_Any_data&, std::true_type) [with _Functor = main()::<lambda()>]	24	static
std_function.h:182:2:static void std::_Function_base::_Base_manager<_Functor>::_M_destroy(std::_Any_data&, std::true_type) [with _Functor = main()::<lambda()>]	16	static
new_allocator.h:144:2:) [with _Up = unsigned char; _Args = {unsigned char}; _Tp = unsigned char]	32	static
new_allocator.h:119:7:void __gnu_cxx::new_allocator<_Tp>::deallocate(__gnu_cxx::new_allocator<_Tp>::pointer, __gnu_cxx::new_allocator<_Tp>::size_type) [with _Tp = unsigned char]	24	static
stl_construct.h:117:9:static void std::_Destroy_aux<true>::__destroy(_ForwardIterator, _ForwardIterator) [with _ForwardIterator = unsigned char*]	16	static
stl_vector.h:920:7:std::vector<_Tp, _Alloc>::size_type std::vector<_Tp, _Alloc>::max_size() const [with _Tp = unsigned char; _Alloc = std::allocator<unsigned char>]	16	static
stl_algobase.h:222:5:constexpr const _Tp& std::max(const _Tp&, const _Tp&) [with _Tp = unsigned int]	16	static
alloc_traits.h:443:7:static _Tp* std::allocator_traits<std::allocator<_Tp1> >::allocate(std::allocator_traits<std::allocator<_Tp1> >::allocator_type&, std::allocator_traits<std::allocator<_Tp1> >::size_type) [with _Tp = unsigned char]	16	static
stl_vector.h:450:7:static std::vector<_Tp, _Alloc>::pointer std::vector<_Tp, _Alloc>::_S_do_relocate(std::vector<_Tp, _Alloc>::pointer, std::vector<_Tp, _Alloc>::pointer, std::vector<_Tp, _Alloc>::pointer, std::vector<_Tp, _Alloc>::_Tp_alloc_type&, std::true_type) [with _Tp = unsigned char; _Alloc = std::allocator<unsigned char>]	24	static
stl_iterator.h:1242:5:_ReturnType std::__make_move_if_noexcept_iterator(_Tp*) [with _Tp = unsigned char; _ReturnType = std::move_iterator<unsigned char*>]	24	static
stl_uninitialized.h:305:5:_ForwardIterator std::__uninitialized_copy_a(_InputIterator, _InputIterator, _ForwardIterator, std::allocator<_Tp>&) [with _InputIterator = std::move_iterator<unsigned char*>; _ForwardIterator = unsigned char*; _Tp = unsigned char]	24	static
stl_vector.h:920:7:std::vector<_Tp, _Alloc>::size_type std::vector<_Tp, _Alloc>::max_size() const [with _Tp = MasterSerialLine::_GlobalDataChange; _Alloc = std::allocator<MasterSerialLine::_GlobalDataChange>]	16	static
stl_vector.h:915:7:std::vector<_Tp, _Alloc>::size_type std::vector<_Tp, _Alloc>::size() const [with _Tp = MasterSerialLine::_GlobalDataChange; _Alloc = std::allocator<MasterSerialLine::_GlobalDataChange>]	16	static
alloc_traits.h:443:7:static _Tp* std::allocator_traits<std::allocator<_Tp1> >::allocate(std::allocator_traits<std::allocator<_Tp1> >::allocator_type&, std::allocator_traits<std::allocator<_Tp1> >::size_type) [with _Tp = MasterSerialLine::_GlobalDataChange]	16	static
stl_vector.h:450:7:static std::vector<_Tp, _Alloc>::pointer std::vector<_Tp, _Alloc>::_S_do_relocate(std::vector<_Tp, _Alloc>::pointer, std::vector<_Tp, _Alloc>::pointer, std::vector<_Tp, _Alloc>::pointer, std::vector<_Tp, _Alloc>::_Tp_alloc_type&, std::true_type) [with _Tp = MasterSerialLine::_GlobalDataChange; _Alloc = std::allocator<MasterSerialLine::_GlobalDataChange>]	24	static
stl_iterator.h:1242:5:_ReturnType std::__make_move_if_noexcept_iterator(_Tp*) [with _Tp = MasterSerialLine::_GlobalDataChange; _ReturnType = std::move_iterator<MasterSerialLine::_GlobalDataChange*>]	24	static
stl_uninitialized.h:305:5:_ForwardIterator std::__uninitialized_copy_a(_InputIterator, _InputIterator, _ForwardIterator, std::allocator<_Tp>&) [with _InputIterator = std::move_iterator<MasterSerialLine::_GlobalDataChange*>; _ForwardIterator = MasterSerialLine::_GlobalDataChange*; _Tp = MasterSerialLine::_GlobalDataChange]	24	static
new_allocator.h:151:2:void __gnu_cxx::new_allocator<_Tp>::destroy(_Up*) [with _Up = MasterSerialLine::_GlobalDataChange; _Tp = MasterSerialLine::_GlobalDataChange]	16	static
new_allocator.h:83:7:__gnu_cxx::new_allocator<_Tp>::new_allocator(const __gnu_cxx::new_allocator<_Tp>&) [with _Tp = unsigned char]	16	static
stl_uninitialized.h:99:9:static _ForwardIterator std::__uninitialized_copy<true>::__uninit_copy(_InputIterator, _InputIterator, _ForwardIterator) [with _InputIterator = __gnu_cxx::__normal_iterator<const unsigned char*, std::vector<unsigned char> >; _ForwardIterator = unsigned char*]	24	static
stl_iterator.h:1010:5:_Iterator std::__niter_base(__gnu_cxx::__normal_iterator<_Iterator, _Container>) [with _Iterator = const unsigned char*; _Container = std::vector<unsigned char>]	16	static
stl_iterator.h:1010:5:_Iterator std::__niter_base(__gnu_cxx::__normal_iterator<_Iterator, _Container>) [with _Iterator = unsigned char*; _Container = std::vector<unsigned char>]	16	static
stl_algobase.h:393:5:_OI std::__copy_move_a(_II, _II, _OI) [with bool _IsMove = false; _II = const unsigned char*; _OI = unsigned char*]	32	static
stl_algobase.h:289:5:_From std::__niter_wrap(_From, _To) [with _From = __gnu_cxx::__normal_iterator<unsigned char*, std::vector<unsigned char> >; _To = unsigned char*]	16	static
stl_construct.h:117:9:static void std::_Destroy_aux<true>::__destroy(_ForwardIterator, _ForwardIterator) [with _ForwardIterator = __gnu_cxx::__normal_iterator<unsigned char*, std::vector<unsigned char> >]	16	static
stl_algobase.h:280:5:_Iterator std::__niter_base(_Iterator) [with _Iterator = unsigned char*]	16	static
stl_algobase.h:393:5:_OI std::__copy_move_a(_II, _II, _OI) [with bool _IsMove = false; _II = unsigned char*; _OI = unsigned char*]	32	static
stl_algobase.h:295:5:_Iterator std::__niter_wrap(const _Iterator&, _Iterator) [with _Iterator = unsigned char*]	16	static
stl_uninitialized.h:99:9:static _ForwardIterator std::__uninitialized_copy<true>::__uninit_copy(_InputIterator, _InputIterator, _ForwardIterator) [with _InputIterator = unsigned char*; _ForwardIterator = unsigned char*]	24	static
stl_vector.h:920:7:std::vector<_Tp, _Alloc>::size_type std::vector<_Tp, _Alloc>::max_size() const [with _Tp = MasterSerialLine::_LocalDataChange; _Alloc = std::allocator<MasterSerialLine::_LocalDataChange>]	16	static
stl_vector.h:915:7:std::vector<_Tp, _Alloc>::size_type std::vector<_Tp, _Alloc>::size() const [with _Tp = MasterSerialLine::_LocalDataChange; _Alloc = std::allocator<MasterSerialLine::_LocalDataChange>]	16	static
alloc_traits.h:443:7:static _Tp* std::allocator_traits<std::allocator<_Tp1> >::allocate(std::allocator_traits<std::allocator<_Tp1> >::allocator_type&, std::allocator_traits<std::allocator<_Tp1> >::size_type) [with _Tp = MasterSerialLine::_LocalDataChange]	16	static
stl_vector.h:450:7:static std::vector<_Tp, _Alloc>::pointer std::vector<_Tp, _Alloc>::_S_do_relocate(std::vector<_Tp, _Alloc>::pointer, std::vector<_Tp, _Alloc>::pointer, std::vector<_Tp, _Alloc>::pointer, std::vector<_Tp, _Alloc>::_Tp_alloc_type&, std::true_type) [with _Tp = MasterSerialLine::_LocalDataChange; _Alloc = std::allocator<MasterSerialLine::_LocalDataChange>]	24	static
stl_iterator.h:1242:5:_ReturnType std::__make_move_if_noexcept_iterator(_Tp*) [with _Tp = MasterSerialLine::_LocalDataChange; _ReturnType = std::move_iterator<MasterSerialLine::_LocalDataChange*>]	24	static
stl_uninitialized.h:305:5:_ForwardIterator std::__uninitialized_copy_a(_InputIterator, _InputIterator, _ForwardIterator, std::allocator<_Tp>&) [with _InputIterator = std::move_iterator<MasterSerialLine::_LocalDataChange*>; _ForwardIterator = MasterSerialLine::_LocalDataChange*; _Tp = MasterSerialLine::_LocalDataChange]	24	static
new_allocator.h:151:2:void __gnu_cxx::new_allocator<_Tp>::destroy(_Up*) [with _Up = MasterSerialLine::_LocalDataChange; _Tp = MasterSerialLine::_LocalDataChange]	16	static
new_allocator.h:119:7:void __gnu_cxx::new_allocator<_Tp>::deallocate(__gnu_cxx::new_allocator<_Tp>::pointer, __gnu_cxx::new_allocator<_Tp>::size_type) [with _Tp = MasterSerialLine::_LocalDataChange]	24	static
stl_construct.h:105:9:static void std::_Destroy_aux<<anonymous> >::__destroy(_ForwardIterator, _ForwardIterator) [with _ForwardIterator = MasterSerialLine::_LocalDataChange*; bool <anonymous> = false]	16	static
move.h:74:5:constexpr _Tp&& std::forward(typename std::remove_reference<_Tp>::type&) [with _Tp = const std::vector<unsigned char>&]	16	static
new_allocator.h:144:2:) [with _Up = std::vector<unsigned char>; _Args = {const std::vector<unsigned char, std::allocator<unsigned char> >&}; _Tp = std::vector<unsigned char>]	32	static
stl_deque.h:1298:7:std::deque<_Tp, _Alloc>::size_type std::deque<_Tp, _Alloc>::size() const [with _Tp = std::vector<unsigned char>; _Alloc = std::allocator<std::vector<unsigned char> >]	16	static
stl_deque.h:1303:7:std::deque<_Tp, _Alloc>::size_type std::deque<_Tp, _Alloc>::max_size() const [with _Tp = std::vector<unsigned char>; _Alloc = std::allocator<std::vector<unsigned char> >]	16	static
stl_deque.h:2194:7:void std::deque<_Tp, _Alloc>::_M_reserve_map_at_back(std::deque<_Tp, _Alloc>::size_type) [with _Tp = std::vector<unsigned char>; _Alloc = std::allocator<std::vector<unsigned char> >]	16	static
stl_deque.h:617:7:std::_Deque_base<_Tp, _Alloc>::_Ptr std::_Deque_base<_Tp, _Alloc>::_M_allocate_node() [with _Tp = std::vector<unsigned char>; _Alloc = std::allocator<std::vector<unsigned char> >]	24	static
stl_deque.h:273:7:void std::_Deque_iterator<_Tp, _Ref, _Ptr>::_M_set_node(std::_Deque_iterator<_Tp, _Ref, _Ptr>::_Map_pointer) [with _Tp = std::vector<unsigned char>; _Ref = std::vector<unsigned char>&; _Ptr = std::vector<unsigned char>*]	24	static
stl_deque.h:624:7:void std::_Deque_base<_Tp, _Alloc>::_M_deallocate_node(std::_Deque_base<_Tp, _Alloc>::_Ptr) [with _Tp = std::vector<unsigned char>; _Alloc = std::allocator<std::vector<unsigned char> >]	24	static
new_allocator.h:119:7:void __gnu_cxx::new_allocator<_Tp>::deallocate(__gnu_cxx::new_allocator<_Tp>::pointer, __gnu_cxx::new_allocator<_Tp>::size_type) [with _Tp = MasterSerialLine::Slave]	24	static
[...]
std_function.h:298:7:) [with _Functor = main()::<lambda()>; _ArgTypes = {}]	16	static
std_function.h:196:2:static bool std::_Function_base::_Base_manager<_Functor>::_M_manager(std::_Any_data&, const std::_Any_data&, std::_Manager_operation) [with _Functor = main()::<lambda()>]	40	static
std_function.h:242:4:static bool std::_Function_base::_Base_manager<_Functor>::_M_not_empty_function(const _Tp&) [with _Tp = main()::<lambda()>; _Functor = main()::<lambda()>]	16	static
move.h:99:5:constexpr typename std::remove_reference<_Tp>::type&& std::move(_Tp&&) [with _Tp = main()::<lambda()>&]	16	static
std_function.h:222:2:static void std::_Function_base::_Base_manager<_Functor>::_M_init_functor(std::_Any_data&, _Functor&&) [with _Functor = main()::<lambda()>]	32	static
std_function.h:298:7:) [with _Functor = main()::<lambda()>; _ArgTypes = {}]	16	static
std_function.h:196:2:static bool std::_Function_base::_Base_manager<_Functor>::_M_manager(std::_Any_data&, const std::_Any_data&, std::_Manager_operation) [with _Functor = main()::<lambda()>]	40	static
std_function.h:242:4:static bool std::_Function_base::_Base_manager<_Functor>::_M_not_empty_function(const _Tp&) [with _Tp = main()::<lambda()>; _Functor = main()::<lambda()>]	16	static
move.h:99:5:constexpr typename std::remove_reference<_Tp>::type&& std::move(_Tp&&) [with _Tp = main()::<lambda()>&]	16	static
std_function.h:222:2:static void std::_Function_base::_Base_manager<_Functor>::_M_init_functor(std::_Any_data&, _Functor&&) [with _Functor = main()::<lambda()>]	32	static
std_function.h:298:7:) [with _Functor = main()::<lambda()>; _ArgTypes = {}]	16	static
std_function.h:196:2:static bool std::_Function_base::_Base_manager<_Functor>::_M_manager(std::_Any_data&, const std::_Any_data&, std::_Manager_operation) [with _Functor = main()::<lambda()>]	40	static
std_function.h:242:4:static bool std::_Function_base::_Base_manager<_Functor>::_M_not_empty_function(const _Tp&) [with _Tp = main()::<lambda()>; _Functor = main()::<lambda()>]	16	static
move.h:99:5:constexpr typename std::remove_reference<_Tp>::type&& std::move(_Tp&&) [with _Tp = main()::<lambda()>&]	16	static
std_function.h:222:2:static void std::_Function_base::_Base_manager<_Functor>::_M_init_functor(std::_Any_data&, _Functor&&) [with _Functor = main()::<lambda()>]	32	static
std_function.h:298:7:) [with _Functor = main()::<lambda()>; _ArgTypes = {}]	16	static
std_function.h:196:2:static bool std::_Function_base::_Base_manager<_Functor>::_M_manager(std::_Any_data&, const std::_Any_data&, std::_Manager_operation) [with _Functor = main()::<lambda()>]	40	static
std_function.h:242:4:static bool std::_Function_base::_Base_manager<_Functor>::_M_not_empty_function(const _Tp&) [with _Tp = main()::<lambda()>; _Functor = main()::<lambda()>]	16	static
move.h:99:5:constexpr typename std::remove_reference<_Tp>::type&& std::move(_Tp&&) [with _Tp = main()::<lambda()>&]	16	static
std_function.h:222:2:static void std::_Function_base::_Base_manager<_Functor>::_M_init_functor(std::_Any_data&, _Functor&&) [with _Functor = main()::<lambda()>]	32	static
std_function.h:298:7:) [with _Functor = main()::<lambda()>; _ArgTypes = {}]	16	static
std_function.h:196:2:static bool std::_Function_base::_Base_manager<_Functor>::_M_manager(std::_Any_data&, const std::_Any_data&, std::_Manager_operation) [with _Functor = main()::<lambda()>]	40	static
sequence_core.h:102:10:) [with BlockPtrs = {std::shared_ptr<seq::block::Delay>, std::shared_ptr<seq::block::Function>}]	48	static
std_function.h:247:2:static void std::_Function_base::_Base_manager<_Functor>::_M_init_functor(std::_Any_data&, _Functor&&, std::true_type) [with _Functor = main()::<lambda()>]	24	static
std_function.h:151:2:static _Functor* std::_Function_base::_Base_manager<_Functor>::_M_get_pointer(const std::_Any_data&) [with _Functor = main()::<lambda()>]	24	static
std_function.h:92:7:_Tp& std::_Any_data::_M_access() [with _Tp = main()::<lambda()>*]	16	static
std_function.h:165:2:static void std::_Function_base::_Base_manager<_Functor>::_M_clone(std::_Any_data&, const std::_Any_data&, std::true_type) [with _Functor = main()::<lambda()>]	24	static
std_function.h:182:2:static void std::_Function_base::_Base_manager<_Functor>::_M_destroy(std::_Any_data&, std::true_type) [with _Functor = main()::<lambda()>]	16	static
std_function.h:247:2:static void std::_Function_base::_Base_manager<_Functor>::_M_init_functor(std::_Any_data&, _Functor&&, std::true_type) [with _Functor = main()::<lambda()>]	24	static
std_function.h:151:2:static _Functor* std::_Function_base::_Base_manager<_Functor>::_M_get_pointer(const std::_Any_data&) [with _Functor = main()::<lambda()>]	24	static
std_function.h:92:7:_Tp& std::_Any_data::_M_access() [with _Tp = main()::<lambda()>*]	16	static
std_function.h:165:2:static void std::_Function_base::_Base_manager<_Functor>::_M_clone(std::_Any_data&, const std::_Any_data&, std::true_type) [with _Functor = main()::<lambda()>]	24	static
std_function.h:182:2:static void std::_Function_base::_Base_manager<_Functor>::_M_destroy(std::_Any_data&, std::true_type) [with _Functor = main()::<lambda()>]	16	static
std_function.h:247:2:static void std::_Function_base::_Base_manager<_Functor>::_M_init_functor(std::_Any_data&, _Functor&&, std::true_type) [with _Functor = main()::<lambda()>]	24	static
std_function.h:151:2:static _Functor* std::_Function_base::_Base_manager<_Functor>::_M_get_pointer(const std::_Any_data&) [with _Functor = main()::<lambda()>]	24	static
std_function.h:92:7:_Tp& std::_Any_data::_M_access() [with _Tp = main()::<lambda()>*]	16	static
std_function.h:165:2:static void std::_Function_base::_Base_manager<_Functor>::_M_clone(std::_Any_data&, const std::_Any_data&, std::true_type) [with _Functor = main()::<lambda()>]	24	static
std_function.h:182:2:static void std::_Function_base::_Base_manager<_Functor>::_M_destroy(std::_Any_data&, std::true_type) [with _Functor = main()::<lambda()>]	16	static
std_function.h:247:2:static void std::_Function_base::_Base_manager<_Functor>::_M_init_functor(std::_Any_data&, _Functor&&, std::true_type) [with _Functor = main()::<lambda()>]	24	static
std_function.h:151:2:static _Functor* std::_Function_base::_Base_manager<_Functor>::_M_get_pointer(const std::_Any_data&) [with _Functor = main()::<lambda()>]	24	static
std_function.h:92:7:_Tp& std::_Any_data::_M_access() [with _Tp = main()::<lambda()>*]	16	static
std_function.h:165:2:static void std::_Function_base::_Base_manager<_Functor>::_M_clone(std::_Any_data&, const std::_Any_data&, std::true_type) [with _Functor = main()::<lambda()>]	24	static
std_function.h:182:2:static void std::_Function_base::_Base_manager<_Functor>::_M_destroy(std::_Any_data&, std::true_type) [with _Functor = main()::<lambda()>]	16	static
std_function.h:247:2:static void std::_Function_base::_Base_manager<_Functor>::_M_init_functor(std::_Any_data&, _Functor&&, std::true_type) [with _Functor = main()::<lambda()>]	24	static
std_function.h:151:2:static _Functor* std::_Function_base::_Base_manager<_Functor>::_M_get_pointer(const std::_Any_data&) [with _Functor = main()::<lambda()>]	24	static
std_function.h:92:7:_Tp& std::_Any_data::_M_access() [with _Tp = main()::<lambda()>*]	16	static
std_function.h:165:2:static void std::_Function_base::_Base_manager<_Functor>::_M_clone(std::_Any_data&, const std::_Any_data&, std::true_type) [with _Functor = main()::<lambda()>]	24	static
std_function.h:182:2:static void std::_Function_base::_Base_manager<_Functor>::_M_destroy(std::_Any_data&, std::true_type) [with _Functor = main()::<lambda()>]	16	static
std_function.h:247:2:static void std::_Function_base::_Base_manager<_Functor>::_M_init_functor(std::_Any_data&, _Functor&&, std::true_type) [with _Functor = main()::<lambda()>]	24	static
std_function.h:151:2:static _Functor* std::_Function_base::_Base_manager<_Functor>::_M_get_pointer(const std::_Any_data&) [with _Functor = main()::<lambda()>]	24	static
std_function.h:92:7:_Tp& std::_Any_data::_M_access() [with _Tp = main()::<lambda()>*]	16	static
std_function.h:165:2:static void std::_Function_base::_Base_manager<_Functor>::_M_clone(std::_Any_data&, const std::_Any_data&, std::true_type) [with _Functor = main()::<lambda()>]	24	static
std_function.h:182:2:static void std::_Function_base::_Base_manager<_Functor>::_M_destroy(std::_Any_data&, std::true_type) [with _Functor = main()::<lambda()>]	16	static
std_function.h:247:2:static void std::_Function_base::_Base_manager<_Functor>::_M_init_functor(std::_Any_data&, _Functor&&, std::true_type) [with _Functor = main()::<lambda()>]	24	static
std_function.h:151:2:static _Functor* std::_Function_base::_Base_manager<_Functor>::_M_get_pointer(const std::_Any_data&) [with _Functor = main()::<lambda()>]	24	static
std_function.h:92:7:_Tp& std::_Any_data::_M_access() [with _Tp = main()::<lambda()>*]	16	static
std_function.h:165:2:static void std::_Function_base::_Base_manager<_Functor>::_M_clone(std::_Any_data&, const std::_Any_data&, std::true_type) [with _Functor = main()::<lambda()>]	24	static
std_function.h:182:2:static void std::_Function_base::_Base_manager<_Functor>::_M_destroy(std::_Any_data&, std::true_type) [with _Functor = main()::<lambda()>]	16	static
std_function.h:247:2:static void std::_Function_base::_Base_manager<_Functor>::_M_init_functor(std::_Any_data&, _Functor&&, std::true_type) [with _Functor = main()::<lambda()>]	24	static
std_function.h:151:2:static _Functor* std::_Function_base::_Base_manager<_Functor>::_M_get_pointer(const std::_Any_data&) [with _Functor = main()::<lambda()>]	24	static
std_function.h:92:7:_Tp& std::_Any_data::_M_access() [with _Tp = main()::<lambda()>*]	16	static
std_function.h:165:2:static void std::_Function_base::_Base_manager<_Functor>::_M_clone(std::_Any_data&, const std::_Any_data&, std::true_type) [with _Functor = main()::<lambda()>]	24	static
std_function.h:182:2:static void std::_Function_base::_Base_manager<_Functor>::_M_destroy(std::_Any_data&, std::true_type) [with _Functor = main()::<lambda()>]	16	static
std_function.h:247:2:static void std::_Function_base::_Base_manager<_Functor>::_M_init_functor(std::_Any_data&, _Functor&&, std::true_type) [with _Functor = main()::<lambda()>]	24	static
std_function.h:151:2:static _Functor* std::_Function_base::_Base_manager<_Functor>::_M_get_pointer(const std::_Any_data&) [with _Functor = main()::<lambda()>]	24	static
std_function.h:92:7:_Tp& std::_Any_data::_M_access() [with _Tp = main()::<lambda()>*]	16	static
std_function.h:165:2:static void std::_Function_base::_Base_manager<_Functor>::_M_clone(std::_Any_data&, const std::_Any_data&, std::true_type) [with _Functor = main()::<lambda()>]	24	static
std_function.h:182:2:static void std::_Function_base::_Base_manager<_Functor>::_M_destroy(std::_Any_data&, std::true_type) [with _Functor = main()::<lambda()>]	16	static
sequence_core.h:102:10:) [with BlockPtrs = {std::shared_ptr<seq::block::Function>}]	40	static
std_function.h:97:7:const _Tp& std::_Any_data::_M_access() const [with _Tp = main()::<lambda()>]	16	static
move.h:47:5:constexpr _Tp* std::__addressof(_Tp&) [with _Tp = const main()::<lambda()>]	16	static
std_function.h:92:7:_Tp& std::_Any_data::_M_access() [with _Tp = main()::<lambda()>]	16	static
std_function.h:97:7:const _Tp& std::_Any_data::_M_access() const [with _Tp = main()::<lambda()>]	16	static
move.h:47:5:constexpr _Tp* std::__addressof(_Tp&) [with _Tp = const main()::<lambda()>]	16	static
std_function.h:92:7:_Tp& std::_Any_data::_M_access() [with _Tp = main()::<lambda()>]	16	static
std_function.h:97:7:const _Tp& std::_Any_data::_M_access() const [with _Tp = main()::<lambda()>]	16	static
move.h:47:5:constexpr _Tp* std::__addressof(_Tp&) [with _Tp = const main()::<lambda()>]	16	static
std_function.h:92:7:_Tp& std::_Any_data::_M_access() [with _Tp = main()::<lambda()>]	16	static
std_function.h:97:7:const _Tp& std::_Any_data::_M_access() const [with _Tp = main()::<lambda()>]	16	static
move.h:47:5:constexpr _Tp* std::__addressof(_Tp&) [with _Tp = const main()::<lambda()>]	16	static
std_function.h:92:7:_Tp& std::_Any_data::_M_access() [with _Tp = main()::<lambda()>]	16	static
std_function.h:97:7:const _Tp& std::_Any_data::_M_access() const [with _Tp = main()::<lambda()>]	16	static
move.h:47:5:constexpr _Tp* std::__addressof(_Tp&) [with _Tp = const main()::<lambda()>]	16	static
std_function.h:92:7:_Tp& std::_Any_data::_M_access() [with _Tp = main()::<lambda()>]	16	static
std_function.h:97:7:const _Tp& std::_Any_data::_M_access() const [with _Tp = main()::<lambda()>]	16	static
move.h:47:5:constexpr _Tp* std::__addressof(_Tp&) [with _Tp = const main()::<lambda()>]	16	static
std_function.h:92:7:_Tp& std::_Any_data::_M_access() [with _Tp = main()::<lambda()>]	16	static
std_function.h:97:7:const _Tp& std::_Any_data::_M_access() const [with _Tp = main()::<lambda()>]	16	static
move.h:47:5:constexpr _Tp* std::__addressof(_Tp&) [with _Tp = const main()::<lambda()>]	16	static
std_function.h:92:7:_Tp& std::_Any_data::_M_access() [with _Tp = main()::<lambda()>]	16	static
std_function.h:97:7:const _Tp& std::_Any_data::_M_access() const [with _Tp = main()::<lambda()>]	16	static
move.h:47:5:constexpr _Tp* std::__addressof(_Tp&) [with _Tp = const main()::<lambda()>]	16	static
std_function.h:92:7:_Tp& std::_Any_data::_M_access() [with _Tp = main()::<lambda()>]	16	static
std_function.h:97:7:const _Tp& std::_Any_data::_M_access() const [with _Tp = main()::<lambda()>]	16	static
move.h:47:5:constexpr _Tp* std::__addressof(_Tp&) [with _Tp = const main()::<lambda()>]	16	static
std_function.h:92:7:_Tp& std::_Any_data::_M_access() [with _Tp = main()::<lambda()>]	16	static
main.cpp:585:1:void __static_initialization_and_destruction_0(int, int)	16	static
shared_ptr_base.h:552:7:std::_Sp_counted_ptr_inplace<_Tp, _Alloc, _Lp>::~_Sp_counted_ptr_inplace() [with _Tp = seq::block::StartSequence; _Alloc = std::allocator<seq::block::StartSequence>; __gnu_cxx::_Lock_policy _Lp = __gnu_cxx::_S_single]	16	static
shared_ptr_base.h:552:7:std::_Sp_counted_ptr_inplace<_Tp, _Alloc, _Lp>::~_Sp_counted_ptr_inplace() [with _Tp = seq::block::StartSequence; _Alloc = std::allocator<seq::block::StartSequence>; __gnu_cxx::_Lock_policy _Lp = __gnu_cxx::_S_single]	16	static
shared_ptr_base.h:555:7:void std::_Sp_counted_ptr_inplace<_Tp, _Alloc, _Lp>::_M_dispose() [with _Tp = seq::block::StartSequence; _Alloc = std::allocator<seq::block::StartSequence>; __gnu_cxx::_Lock_policy _Lp = __gnu_cxx::_S_single]	24	static
shared_ptr_base.h:562:7:void std::_Sp_counted_ptr_inplace<_Tp, _Alloc, _Lp>::_M_destroy() [with _Tp = seq::block::StartSequence; _Alloc = std::allocator<seq::block::StartSequence>; __gnu_cxx::_Lock_policy _Lp = __gnu_cxx::_S_single]	32	static
shared_ptr_base.h:575:7:void* std::_Sp_counted_ptr_inplace<_Tp, _Alloc, _Lp>::_M_get_deleter(const std::type_info&) [with _Tp = seq::block::StartSequence; _Alloc = std::allocator<seq::block::StartSequence>; __gnu_cxx::_Lock_policy _Lp = __gnu_cxx::_S_single]	24	static
shared_ptr_base.h:552:7:std::_Sp_counted_ptr_inplace<_Tp, _Alloc, _Lp>::~_Sp_counted_ptr_inplace() [with _Tp = seq::block::Delay; _Alloc = std::allocator<seq::block::Delay>; __gnu_cxx::_Lock_policy _Lp = __gnu_cxx::_S_single]	16	static
shared_ptr_base.h:552:7:std::_Sp_counted_ptr_inplace<_Tp, _Alloc, _Lp>::~_Sp_counted_ptr_inplace() [with _Tp = seq::block::Delay; _Alloc = std::allocator<seq::block::Delay>; __gnu_cxx::_Lock_policy _Lp = __gnu_cxx::_S_single]	16	static
shared_ptr_base.h:555:7:void std::_Sp_counted_ptr_inplace<_Tp, _Alloc, _Lp>::_M_dispose() [with _Tp = seq::block::Delay; _Alloc = std::allocator<seq::block::Delay>; __gnu_cxx::_Lock_policy _Lp = __gnu_cxx::_S_single]	24	static
shared_ptr_base.h:562:7:void std::_Sp_counted_ptr_inplace<_Tp, _Alloc, _Lp>::_M_destroy() [with _Tp = seq::block::Delay; _Alloc = std::allocator<seq::block::Delay>; __gnu_cxx::_Lock_policy _Lp = __gnu_cxx::_S_single]	32	static
shared_ptr_base.h:575:7:void* std::_Sp_counted_ptr_inplace<_Tp, _Alloc, _Lp>::_M_get_deleter(const std::type_info&) [with _Tp = seq::block::Delay; _Alloc = std::allocator<seq::block::Delay>; __gnu_cxx::_Lock_policy _Lp = __gnu_cxx::_S_single]	24	static
shared_ptr_base.h:552:7:std::_Sp_counted_ptr_inplace<_Tp, _Alloc, _Lp>::~_Sp_counted_ptr_inplace() [with _Tp = seq::block::Function; _Alloc = std::allocator<seq::block::Function>; __gnu_cxx::_Lock_policy _Lp = __gnu_cxx::_S_single]	16	static
shared_ptr_base.h:552:7:std::_Sp_counted_ptr_inplace<_Tp, _Alloc, _Lp>::~_Sp_counted_ptr_inplace() [with _Tp = seq::block::Function; _Alloc = std::allocator<seq::block::Function>; __gnu_cxx::_Lock_policy _Lp = __gnu_cxx::_S_single]	16	static
shared_ptr_base.h:555:7:void std::_Sp_counted_ptr_inplace<_Tp, _Alloc, _Lp>::_M_dispose() [with _Tp = seq::block::Function; _Alloc = std::allocator<seq::block::Function>; __gnu_cxx::_Lock_policy _Lp = __gnu_cxx::_S_single]	24	static
shared_ptr_base.h:562:7:void std::_Sp_counted_ptr_inplace<_Tp, _Alloc, _Lp>::_M_destroy() [with _Tp = seq::block::Function; _Alloc = std::allocator<seq::block::Function>; __gnu_cxx::_Lock_policy _Lp = __gnu_cxx::_S_single]	32	static
shared_ptr_base.h:575:7:void* std::_Sp_counted_ptr_inplace<_Tp, _Alloc, _Lp>::_M_get_deleter(const std::type_info&) [with _Tp = seq::block::Function; _Alloc = std::allocator<seq::block::Function>; __gnu_cxx::_Lock_policy _Lp = __gnu_cxx::_S_single]	24	static
shared_ptr_base.h:533:10:_Alloc& std::_Sp_counted_ptr_inplace<_Tp, _Alloc, _Lp>::_Impl::_M_alloc() [with _Tp = seq::block::StartSequence; _Alloc = std::allocator<seq::block::StartSequence>; __gnu_cxx::_Lock_policy _Lp = __gnu_cxx::_S_single]	16	static
alloc_traits.h:495:2:static void std::allocator_traits<std::allocator<_Tp1> >::destroy(std::allocator_traits<std::allocator<_Tp1> >::allocator_type&, _Up*) [with _Up = seq::block::StartSequence; _Tp = seq::block::StartSequence]	16	static
shared_ptr_base.h:533:10:_Alloc& std::_Sp_counted_ptr_inplace<_Tp, _Alloc, _Lp>::_Impl::_M_alloc() [with _Tp = seq::block::Delay; _Alloc = std::allocator<seq::block::Delay>; __gnu_cxx::_Lock_policy _Lp = __gnu_cxx::_S_single]	16	static
alloc_traits.h:495:2:static void std::allocator_traits<std::allocator<_Tp1> >::destroy(std::allocator_traits<std::allocator<_Tp1> >::allocator_type&, _Up*) [with _Up = seq::block::Delay; _Tp = seq::block::Delay]	16	static
shared_ptr_base.h:533:10:_Alloc& std::_Sp_counted_ptr_inplace<_Tp, _Alloc, _Lp>::_Impl::_M_alloc() [with _Tp = seq::block::Function; _Alloc = std::allocator<seq::block::Function>; __gnu_cxx::_Lock_policy _Lp = __gnu_cxx::_S_single]	16	static
alloc_traits.h:495:2:static void std::allocator_traits<std::allocator<_Tp1> >::destroy(std::allocator_traits<std::allocator<_Tp1> >::allocator_type&, _Up*) [with _Up = seq::block::Function; _Tp = seq::block::Function]	16	static
shared_ptr_base.h:418:7:static _Tp& std::_Sp_ebo_helper<_Nm, _Tp, true>::_S_get(std::_Sp_ebo_helper<_Nm, _Tp, true>&) [with int _Nm = 0; _Tp = std::allocator<seq::block::StartSequence>]	16	static
new_allocator.h:151:2:void __gnu_cxx::new_allocator<_Tp>::destroy(_Up*) [with _Up = seq::block::StartSequence; _Tp = seq::block::StartSequence]	16	static
shared_ptr_base.h:418:7:static _Tp& std::_Sp_ebo_helper<_Nm, _Tp, true>::_S_get(std::_Sp_ebo_helper<_Nm, _Tp, true>&) [with int _Nm = 0; _Tp = std::allocator<seq::block::Delay>]	16	static
new_allocator.h:151:2:void __gnu_cxx::new_allocator<_Tp>::destroy(_Up*) [with _Up = seq::block::Delay; _Tp = seq::block::Delay]	16	static
shared_ptr_base.h:418:7:static _Tp& std::_Sp_ebo_helper<_Nm, _Tp, true>::_S_get(std::_Sp_ebo_helper<_Nm, _Tp, true>&) [with int _Nm = 0; _Tp = std::allocator<seq::block::Function>]	16	static
new_allocator.h:151:2:void __gnu_cxx::new_allocator<_Tp>::destroy(_Up*) [with _Up = seq::block::Function; _Tp = seq::block::Function]	16	static
main.cpp:585:1:cpp)	8	static
main.cpp:585:1:cpp)	8	static
